2026-09-27T22:12:40,768+03:00 Item: 169000003 [Minor Power Shard] added to player Baby (count: 12) (type: ITEM_COLLECT)
2026-09-27T22:14:56,156+03:00 Item: 182003734 [Damaged Lepharist Insignia] added to player Baby (count: 1) (type: ITEM_COLLECT)
2026-09-27T22:15:29,667+03:00 Item: 102000344 [Canyon Harp] added to player Baby (count: 1) (type: ITEM_COLLECT)
2026-09-27T22:16:03,174+03:00 Item: 152001001 [Inina] added to player Baby (count: 3) (type: ITEM_COLLECT)
2026-09-27T22:16:03,584+03:00 Item: 152001001 [Inina] added to player Baby (count: 3) (type: ITEM_COLLECT)
2026-09-27T22:16:03,805+03:00 Item: 152001001 [Inina] added to player Baby (count: 3) (type: ITEM_COLLECT)
2026-09-27T22:16:10,773+03:00 Item: 152001001 [Inina] added to player Baby (count: 3) (type: ITEM_COLLECT)
2026-09-27T22:16:11,412+03:00 Item: 152001001 [Inina] added to player Baby (count: 3) (type: ITEM_COLLECT)
2026-09-27T22:16:11,552+03:00 Item: 152001001 [Inina] added to player Baby (count: 3) (type: ITEM_COLLECT)
2026-09-27T22:16:19,411+03:00 Deleted 169500002 Boost Parry I from Player [id=9403, name=Baby] (count: 1) (deletion type: DISCARD)
2026-09-27T22:16:21,641+03:00 Deleted 169500007 Shield Counter I from Player [id=9403, name=Baby] (count: 1) (deletion type: DISCARD)
2026-09-27T22:16:23,472+03:00 Item: 171130034 [Fresh Summer Camp Wallpaper] added to player Baby (count: 1) (type: DECOMPOSABLE)
2026-09-27T22:16:29,382+03:00 Deleted 169500003 Robust Blow I from Player [id=9403, name=Baby] (count: 1) (deletion type: DISCARD)
2026-09-27T22:16:33,088+03:00 Deleted 169500004 Shield Defense I from Player [id=9403, name=Baby] (count: 1) (deletion type: DISCARD)
2026-09-27T22:16:34,482+03:00 Deleted 169500001 Boost HP I from Player [id=9403, name=Baby] (count: 1) (deletion type: DISCARD)
2026-09-27T22:16:38,384+03:00 Deleted 169500005 Weakening Severe Blow I from Player [id=9403, name=Baby] (count: 1) (deletion type: DISCARD)
2026-09-27T22:16:40,989+03:00 Deleted 169500006 Rage I from Player [id=9403, name=Baby] (count: 1) (deletion type: DISCARD)
2026-09-27T22:16:55,873+03:00 Item: 182004413 [Tattered Lobnite Leg] added to player Baby (count: 1) (type: ITEM_COLLECT)
2026-09-27T22:18:50,047+03:00 Item: 182004413 [Tattered Lobnite Leg] added to player Baby (count: 1) (type: ITEM_COLLECT)
2026-09-27T22:19:18,478+03:00 Item: 152010310 [Thin Rawhide] added to player Baby (count: 1) (type: ITEM_COLLECT)
2026-09-27T22:19:19,109+03:00 Item: 182004413 [Tattered Lobnite Leg] added to player Baby (count: 1) (type: ITEM_COLLECT)
2026-09-27T22:19:28,097+03:00 Item: 152010314 [Lesser Elemental Stone] added to player Baby (count: 1) (type: ITEM_COLLECT)
2026-09-27T22:19:28,558+03:00 Item: 182004353 [Airon Claw Fragment] added to player Baby (count: 1) (type: ITEM_COLLECT)
2026-09-27T22:19:35,648+03:00 Item: 182200511 [Crystal Fragment] added to player Baby (count: 1) (type: ITEM_COLLECT)
2026-09-27T22:19:37,481+03:00 Item: 152000801 [Cypri] added to player Baby (count: 3) (type: ITEM_COLLECT)
2026-09-27T22:19:39,347+03:00 Item: 152000801 [Cypri] added to player Baby (count: 3) (type: ITEM_COLLECT)
2026-09-27T22:19:39,849+03:00 Item: 152000801 [Cypri] added to player Baby (count: 3) (type: ITEM_COLLECT)
2026-09-27T22:19:51,899+03:00 Item: 182004354 [Broken Airon Claw] added to player Baby (count: 1) (type: ITEM_COLLECT)
2026-09-27T22:20:02,271+03:00 Item: 167000525 [Manastone: Magical Accuracy +3] added to player Baby (count: 1) (type: ITEM_COLLECT)
2026-09-27T22:20:02,470+03:00 Item: 182004354 [Broken Airon Claw] added to player Baby (count: 1) (type: ITEM_COLLECT)
2026-09-27T22:20:29,054+03:00 Item: 182004354 [Broken Airon Claw] added to player Baby (count: 1) (type: ITEM_COLLECT)
2026-09-27T22:20:40,516+03:00 Item: 167000235 [Manastone: Crit Strike +4] added to player Baby (count: 1) (type: ITEM_COLLECT)
2026-09-27T22:20:40,681+03:00 Item: 182004624 [Rotten Potcrab Leg] added to player Baby (count: 1) (type: ITEM_COLLECT)
2026-09-27T22:20:51,433+03:00 Item: 162000017 [Minor Mana Serum] added to player Baby (count: 1) (type: ITEM_COLLECT)
2026-09-27T22:20:51,970+03:00 Item: 152010310 [Thin Rawhide] added to player Baby (count: 1) (type: ITEM_COLLECT)
2026-09-27T22:20:58,511+03:00 Item: 182200511 [Crystal Fragment] added to player Baby (count: 1) (type: ITEM_COLLECT)
2026-09-27T22:21:07,219+03:00 Item: 182200511 [Crystal Fragment] added to player Baby (count: 1) (type: ITEM_COLLECT)
2026-09-27T22:21:19,008+03:00 Item: 167000226 [Manastone: HP +20] added to player Baby (count: 1) (type: ITEM_COLLECT)
2026-09-27T22:21:27,982+03:00 Item: 182200511 [Crystal Fragment] added to player Baby (count: 1) (type: ITEM_COLLECT)
2026-09-27T22:21:44,781+03:00 Item: 152001001 [Inina] added to player Baby (count: 3) (type: ITEM_COLLECT)
2026-09-27T22:21:45,418+03:00 Item: 152001001 [Inina] added to player Baby (count: 3) (type: ITEM_COLLECT)
2026-09-27T22:21:45,605+03:00 Item: 152001001 [Inina] added to player Baby (count: 3) (type: ITEM_COLLECT)
2026-09-27T22:21:54,067+03:00 Item: 182200511 [Crystal Fragment] added to player Baby (count: 1) (type: ITEM_COLLECT)
2026-09-27T22:22:20,637+03:00 Item: 152000402 [Fresh Aria] added to player Baby (count: 3) (type: ITEM_COLLECT)
2026-09-27T22:22:21,577+03:00 Item: 152000401 [Aria] added to player Baby (count: 3) (type: ITEM_COLLECT)
2026-09-27T22:22:21,750+03:00 Item: 152000401 [Aria] added to player Baby (count: 3) (type: ITEM_COLLECT)
2026-09-27T22:22:30,461+03:00 Item: 152000901 [Aether Powder] added to player Baby (count: 3) (type: ITEM_COLLECT)
2026-09-27T22:22:30,694+03:00 Item: 152000901 [Aether Powder] added to player Baby (count: 3) (type: ITEM_COLLECT)
2026-09-27T22:22:30,881+03:00 Item: 152000901 [Aether Powder] added to player Baby (count: 3) (type: ITEM_COLLECT)
2026-09-27T22:22:31,162+03:00 Item: 152000901 [Aether Powder] added to player Baby (count: 3) (type: ITEM_COLLECT)
2026-09-27T22:22:31,349+03:00 Item: 152000901 [Aether Powder] added to player Baby (count: 3) (type: ITEM_COLLECT)
2026-09-27T22:24:58,475+03:00 Item: 123000378 [Green Leather Belt] added to player Baby (count: 1) (type: ITEM_COLLECT)
2026-09-27T22:25:38,082+03:00 Item: 152010314 [Lesser Elemental Stone] added to player Baby (count: 1) (type: ITEM_COLLECT)
2026-09-27T22:25:47,782+03:00 Item: 123000414 [Soldier's Leather Belt] added to player Baby (count: 1) (type: ITEM_COLLECT)
2026-09-27T22:25:48,544+03:00 Item: 152010314 [Lesser Elemental Stone] added to player Baby (count: 1) (type: ITEM_COLLECT)
2026-09-27T22:25:48,891+03:00 Item: 169000003 [Minor Power Shard] added to player Baby (count: 6) (type: ITEM_COLLECT)
2026-09-27T22:26:15,365+03:00 Item: 169000003 [Minor Power Shard] added to player Baby (count: 12) (type: ITEM_COLLECT)
2026-09-27T22:26:41,898+03:00 Item: 152000801 [Cypri] added to player Baby (count: 3) (type: ITEM_COLLECT)
2026-09-27T22:26:43,599+03:00 Item: 152000801 [Cypri] added to player Baby (count: 3) (type: ITEM_COLLECT)
2026-09-27T22:26:43,772+03:00 Item: 152000801 [Cypri] added to player Baby (count: 3) (type: ITEM_COLLECT)
2026-09-27T22:27:16,728+03:00 Item: 152000901 [Aether Powder] added to player Baby (count: 3) (type: ITEM_COLLECT)
2026-09-27T22:27:16,916+03:00 Item: 152000901 [Aether Powder] added to player Baby (count: 3) (type: ITEM_COLLECT)
2026-09-27T22:27:17,056+03:00 Item: 152000901 [Aether Powder] added to player Baby (count: 3) (type: ITEM_COLLECT)
2026-09-27T22:27:17,242+03:00 Item: 152000901 [Aether Powder] added to player Baby (count: 3) (type: ITEM_COLLECT)
2026-09-27T22:27:17,541+03:00 Item: 152000901 [Aether Powder] added to player Baby (count: 3) (type: ITEM_COLLECT)
2026-09-27T22:27:17,715+03:00 Item: 152000901 [Aether Powder] added to player Baby (count: 3) (type: ITEM_COLLECT)
2026-09-27T22:27:33,380+03:00 Item: 188053405 [Supply Scroll Bundle] added to player Baby (count: 1) (type: ITEM_COLLECT)
2026-09-27T22:27:36,813+03:00 Item: 182200564 [Arachna Antidote] added to player Baby (count: 1) (type: QUEST_WORK_ITEM)
2026-09-27T22:29:26,970+03:00 Item: 162000048 [Recovery Serum] added to player Baby (count: 5) (type: ITEM_COLLECT)
2026-09-27T22:30:04,345+03:00 Item: 162000004 [Life Potion] added to player Baby (count: 5) (type: ITEM_COLLECT)
2026-09-27T22:30:04,346+03:00 Item: 162000009 [Mana Potion] added to player Baby (count: 5) (type: ITEM_COLLECT)
2026-09-27T22:30:48,518+03:00 Deleted 102000344 Canyon Harp from Player [id=9403, name=Baby] (count: 1) (deletion type: SELL)
2026-09-27T22:30:48,518+03:00 Deleted 182003734 Damaged Lepharist Insignia from Player [id=9403, name=Baby] (count: 1) (deletion type: SELL)
2026-09-27T22:30:48,518+03:00 Deleted 167000525 Manastone: Magical Accuracy +3 from Player [id=9403, name=Baby] (count: 2) (deletion type: SELL)
2026-09-27T22:30:48,518+03:00 Deleted 123000379 Green Belt from Player [id=9403, name=Baby] (count: 1) (deletion type: SELL)
2026-09-27T22:30:48,518+03:00 Deleted 102100206 Canyon Cipher-Blade from Player [id=9403, name=Baby] (count: 1) (deletion type: SELL)
2026-09-27T22:30:48,518+03:00 Deleted 123000378 Green Leather Belt from Player [id=9403, name=Baby] (count: 1) (deletion type: SELL)
2026-09-27T22:30:48,518+03:00 Deleted 160003551 Minor Rally Serum from Player [id=9403, name=Baby] (count: 1) (deletion type: SELL)
2026-09-27T22:30:48,518+03:00 Deleted 110100355 Plainsman's Tunic from Player [id=9403, name=Baby] (count: 1) (deletion type: SELL)
2026-09-27T22:30:48,518+03:00 Deleted 182004354 Broken Airon Claw from Player [id=9403, name=Baby] (count: 3) (deletion type: SELL)
2026-09-27T22:30:48,518+03:00 Deleted 152000801 Cypri from Player [id=9403, name=Baby] (count: 18) (deletion type: SELL)
2026-09-27T22:30:48,518+03:00 Deleted 182004353 Airon Claw Fragment from Player [id=9403, name=Baby] (count: 1) (deletion type: SELL)
2026-09-27T22:30:48,518+03:00 Deleted 182004413 Tattered Lobnite Leg from Player [id=9403, name=Baby] (count: 3) (deletion type: SELL)
2026-09-27T22:30:48,518+03:00 Deleted 102000344 Canyon Harp from Player [id=9403, name=Baby] (count: 1) (deletion type: SELL)
2026-09-27T22:30:48,518+03:00 Deleted 100000393 Canyon Sword from Player [id=9403, name=Baby] (count: 1) (deletion type: SELL)
2026-09-27T22:30:48,518+03:00 Deleted 182004624 Rotten Potcrab Leg from Player [id=9403, name=Baby] (count: 1) (deletion type: SELL)
2026-09-27T22:30:48,518+03:00 Deleted 167000226 Manastone: HP +20 from Player [id=9403, name=Baby] (count: 1) (deletion type: SELL)
2026-09-27T22:30:48,518+03:00 Deleted 152000402 Fresh Aria from Player [id=9403, name=Baby] (count: 3) (deletion type: SELL)
2026-09-27T22:30:48,518+03:00 Deleted 152000401 Aria from Player [id=9403, name=Baby] (count: 6) (deletion type: SELL)
2026-09-27T22:30:48,518+03:00 Deleted 123000378 Green Leather Belt from Player [id=9403, name=Baby] (count: 1) (deletion type: SELL)
2026-09-27T22:30:48,518+03:00 Deleted 123000379 Green Belt from Player [id=9403, name=Baby] (count: 1) (deletion type: SELL)
2026-09-27T22:30:56,391+03:00 Deleted 182003753 Broken Krall Armor from Player [id=9403, name=Baby] (count: 1) (deletion type: DISCARD)
2026-09-27T22:31:37,258+03:00 Deleted 113300568 Plainsman's Breeches from Player [id=9403, name=Baby] (count: 1) (deletion type: SELL)
2026-09-27T22:31:37,258+03:00 Deleted 114500340 Plainsman's Brogans from Player [id=9403, name=Baby] (count: 1) (deletion type: SELL)
2026-09-27T22:31:37,258+03:00 Deleted 100000651 Mercenary's Sword from Player [id=9403, name=Baby] (count: 1) (deletion type: SELL)
2026-09-27T22:31:37,258+03:00 Deleted 182004243 Tattered Spore Pouch from Player [id=9403, name=Baby] (count: 1) (deletion type: SELL)
2026-09-27T22:31:37,258+03:00 Deleted 167000229 Manastone: Evasion +4 from Player [id=9403, name=Baby] (count: 1) (deletion type: SELL)
2026-09-27T22:31:37,258+03:00 Deleted 167000228 Manastone: Accuracy +12 from Player [id=9403, name=Baby] (count: 2) (deletion type: SELL)
2026-09-27T22:31:37,258+03:00 Deleted 167000230 Manastone: Attack +1 from Player [id=9403, name=Baby] (count: 2) (deletion type: SELL)
2026-09-27T22:31:37,258+03:00 Deleted 167000227 Manastone: MP +20 from Player [id=9403, name=Baby] (count: 3) (deletion type: SELL)
2026-09-27T22:31:37,259+03:00 Deleted 167000235 Manastone: Crit Strike +4 from Player [id=9403, name=Baby] (count: 2) (deletion type: SELL)
2026-09-27T22:31:37,259+03:00 Deleted 182004794 Tattered Sparkie Carapace from Player [id=9403, name=Baby] (count: 2) (deletion type: SELL)
2026-09-27T22:31:37,259+03:00 Deleted 182004244 Shabby Spore Pouch from Player [id=9403, name=Baby] (count: 1) (deletion type: SELL)
2026-09-27T22:31:37,259+03:00 Deleted 114300574 Canyon Boots from Player [id=9403, name=Baby] (count: 1) (deletion type: SELL)
2026-09-27T22:31:37,259+03:00 Deleted 162000057 Minor Mana Elixir from Player [id=9403, name=Baby] (count: 1) (deletion type: SELL)
2026-09-27T22:31:37,259+03:00 Deleted 162000017 Minor Mana Serum from Player [id=9403, name=Baby] (count: 3) (deletion type: SELL)
2026-09-27T22:31:37,259+03:00 Deleted 162000093 Minor Panacea of Mana from Player [id=9403, name=Baby] (count: 1) (deletion type: SELL)
2026-09-27T22:31:37,259+03:00 Deleted 162000052 Minor Life Elixir from Player [id=9403, name=Baby] (count: 1) (deletion type: SELL)
2026-09-27T22:31:37,259+03:00 Deleted 152010310 Thin Rawhide from Player [id=9403, name=Baby] (count: 2) (deletion type: SELL)
2026-09-27T22:31:37,259+03:00 Deleted 152000701 Mela from Player [id=9403, name=Baby] (count: 18) (deletion type: SELL)
2026-09-27T22:31:37,259+03:00 Deleted 162000009 Mana Potion from Player [id=9403, name=Baby] (count: 5) (deletion type: SELL)
2026-09-27T22:32:38,583+03:00 Item: 169000004 [Lesser Power Shard] added to player Baby (count: 100) (type: ITEM_COLLECT)
2026-09-27T22:32:59,435+03:00 Item: 152000901 [Aether Powder] added to player Baby (count: 3) (type: ITEM_COLLECT)
2026-09-27T22:32:59,764+03:00 Item: 152000901 [Aether Powder] added to player Baby (count: 3) (type: ITEM_COLLECT)
2026-09-27T22:32:59,966+03:00 Item: 152000901 [Aether Powder] added to player Baby (count: 3) (type: ITEM_COLLECT)
2026-09-27T22:33:00,137+03:00 Item: 152000901 [Aether Powder] added to player Baby (count: 3) (type: ITEM_COLLECT)
2026-09-27T22:33:00,436+03:00 Item: 152000901 [Aether Powder] added to player Baby (count: 3) (type: ITEM_COLLECT)
2026-09-27T22:33:00,748+03:00 Item: 152000901 [Aether Powder] added to player Baby (count: 3) (type: ITEM_COLLECT)
2026-09-27T22:33:00,919+03:00 Item: 152000901 [Aether Powder] added to player Baby (count: 3) (type: ITEM_COLLECT)
2026-09-27T22:33:01,106+03:00 Item: 152000901 [Aether Powder] added to player Baby (count: 3) (type: ITEM_COLLECT)
2026-09-27T22:33:01,277+03:00 Item: 152000901 [Aether Powder] added to player Baby (count: 3) (type: ITEM_COLLECT)
2026-09-27T22:33:01,463+03:00 Item: 152000901 [Aether Powder] added to player Baby (count: 3) (type: ITEM_COLLECT)
2026-09-27T22:34:33,881+03:00 Item: 114501725 [Verteron Legionary Brogans] added to player Baby (count: 1) (type: ITEM_COLLECT)
2026-09-27T22:34:53,988+03:00 Item: 164000134 [Greater Awakening Scroll] added to player Baby (count: 5) (type: DECOMPOSABLE)
2026-09-27T22:35:20,787+03:00 Item: 152001001 [Inina] added to player Baby (count: 3) (type: ITEM_COLLECT)
2026-09-27T22:35:21,053+03:00 Item: 152001001 [Inina] added to player Baby (count: 3) (type: ITEM_COLLECT)
2026-09-27T22:35:21,458+03:00 Item: 152001001 [Inina] added to player Baby (count: 3) (type: ITEM_COLLECT)
2026-09-27T22:35:30,623+03:00 Item: 152001001 [Inina] added to player Baby (count: 3) (type: ITEM_COLLECT)
2026-09-27T22:35:31,031+03:00 Item: 152001001 [Inina] added to player Baby (count: 3) (type: ITEM_COLLECT)
2026-09-27T22:35:31,205+03:00 Item: 152001001 [Inina] added to player Baby (count: 3) (type: ITEM_COLLECT)
2026-09-27T22:35:42,911+03:00 Item: 152000901 [Aether Powder] added to player Baby (count: 3) (type: ITEM_COLLECT)
2026-09-27T22:35:43,131+03:00 Item: 152000901 [Aether Powder] added to player Baby (count: 3) (type: ITEM_COLLECT)
2026-09-27T22:35:43,303+03:00 Item: 152000901 [Aether Powder] added to player Baby (count: 3) (type: ITEM_COLLECT)
2026-09-27T22:35:43,475+03:00 Item: 152000901 [Aether Powder] added to player Baby (count: 3) (type: ITEM_COLLECT)
2026-09-27T22:35:43,758+03:00 Item: 152000901 [Aether Powder] added to player Baby (count: 3) (type: ITEM_COLLECT)
2026-09-27T22:35:51,037+03:00 Item: 152000901 [Aether Powder] added to player Baby (count: 3) (type: ITEM_COLLECT)
2026-09-27T22:35:51,225+03:00 Item: 152000901 [Aether Powder] added to player Baby (count: 3) (type: ITEM_COLLECT)
2026-09-27T22:35:51,395+03:00 Item: 152000901 [Aether Powder] added to player Baby (count: 3) (type: ITEM_COLLECT)
2026-09-27T22:35:51,553+03:00 Item: 152000901 [Aether Powder] added to player Baby (count: 3) (type: ITEM_COLLECT)
2026-09-27T22:35:51,819+03:00 Item: 152000901 [Aether Powder] added to player Baby (count: 3) (type: ITEM_COLLECT)
2026-09-27T22:36:57,482+03:00 Item: 152001001 [Inina] added to player Baby (count: 3) (type: ITEM_COLLECT)
2026-09-27T22:36:57,873+03:00 Item: 152001001 [Inina] added to player Baby (count: 3) (type: ITEM_COLLECT)
2026-09-27T22:36:58,045+03:00 Item: 152001001 [Inina] added to player Baby (count: 3) (type: ITEM_COLLECT)
2026-09-27T22:37:24,802+03:00 Item: 162000002 [Minor Life Potion] added to player Baby (count: 3) (type: ITEM_COLLECT)
2026-09-27T22:46:38,698+03:00 Item: 182004623 [Tattered Potcrab Leg] added to player Baby (count: 1) (type: ITEM_COLLECT)
2026-09-27T22:49:28,028+03:00 Item: 152001001 [Inina] added to player Baby (count: 3) (type: ITEM_COLLECT)
2026-09-27T22:49:28,369+03:00 Item: 152001001 [Inina] added to player Baby (count: 3) (type: ITEM_COLLECT)
2026-09-27T22:49:28,635+03:00 Item: 152001001 [Inina] added to player Baby (count: 3) (type: ITEM_COLLECT)
2026-09-27T22:49:48,002+03:00 Item: 182200508 [Starcrab Carapace] added to player Baby (count: 1) (type: ITEM_COLLECT)
2026-09-27T22:50:01,644+03:00 Item: 182200508 [Starcrab Carapace] added to player Baby (count: 1) (type: ITEM_COLLECT)
2026-09-27T22:50:44,781+03:00 Item: 182200508 [Starcrab Carapace] added to player Baby (count: 1) (type: ITEM_COLLECT)
2026-09-27T22:50:46,464+03:00 Item: 152010314 [Lesser Elemental Stone] added to player Baby (count: 1) (type: ITEM_COLLECT)
2026-09-27T22:50:46,962+03:00 Item: 169000003 [Minor Power Shard] added to player Baby (count: 9) (type: ITEM_COLLECT)
2026-09-27T22:50:47,125+03:00 Item: 182004854 [Rotten Starcrab Leg] added to player Baby (count: 1) (type: ITEM_COLLECT)
2026-09-27T22:50:48,577+03:00 Item: 182004854 [Rotten Starcrab Leg] added to player Baby (count: 1) (type: ITEM_COLLECT)
2026-09-27T22:51:20,736+03:00 Item: 152001001 [Inina] added to player Baby (count: 3) (type: ITEM_COLLECT)
2026-09-27T22:51:21,079+03:00 Item: 152001001 [Inina] added to player Baby (count: 3) (type: ITEM_COLLECT)
2026-09-27T22:51:21,238+03:00 Item: 152001001 [Inina] added to player Baby (count: 3) (type: ITEM_COLLECT)
2026-09-27T22:51:27,939+03:00 Item: 152000801 [Cypri] added to player Baby (count: 3) (type: ITEM_COLLECT)
2026-09-27T22:51:28,659+03:00 Item: 152000801 [Cypri] added to player Baby (count: 3) (type: ITEM_COLLECT)
2026-09-27T22:51:28,861+03:00 Item: 152000801 [Cypri] added to player Baby (count: 3) (type: ITEM_COLLECT)
2026-09-27T22:51:49,041+03:00 Item: 182200508 [Starcrab Carapace] added to player Baby (count: 1) (type: ITEM_COLLECT)
2026-09-27T22:51:49,174+03:00 Item: 162000017 [Minor Mana Serum] added to player Baby (count: 1) (type: ITEM_COLLECT)
2026-09-27T22:51:49,340+03:00 Item: 167000233 [Manastone: Block +12] added to player Baby (count: 1) (type: ITEM_COLLECT)
2026-09-27T22:52:02,498+03:00 Item: 182200508 [Starcrab Carapace] added to player Baby (count: 1) (type: ITEM_COLLECT)
2026-09-27T22:52:14,831+03:00 Item: 152010310 [Thin Rawhide] added to player Baby (count: 1) (type: ITEM_COLLECT)
2026-09-27T22:52:15,903+03:00 Item: 152010314 [Lesser Elemental Stone] added to player Baby (count: 1) (type: ITEM_COLLECT)
2026-09-27T22:52:30,662+03:00 Item: 152001001 [Inina] added to player Baby (count: 3) (type: ITEM_COLLECT)
2026-09-27T22:52:31,052+03:00 Item: 152001001 [Inina] added to player Baby (count: 3) (type: ITEM_COLLECT)
2026-09-27T22:52:31,209+03:00 Item: 152001001 [Inina] added to player Baby (count: 3) (type: ITEM_COLLECT)
2026-09-27T22:52:44,380+03:00 Item: 152001001 [Inina] added to player Baby (count: 3) (type: ITEM_COLLECT)
2026-09-27T22:52:44,797+03:00 Item: 152001001 [Inina] added to player Baby (count: 3) (type: ITEM_COLLECT)
2026-09-27T22:52:44,968+03:00 Item: 152001001 [Inina] added to player Baby (count: 3) (type: ITEM_COLLECT)
2026-09-27T22:53:05,356+03:00 Item: 182200509 [Starturtle Shell] added to player Baby (count: 1) (type: ITEM_COLLECT)
2026-09-27T22:53:17,832+03:00 Item: 182200509 [Starturtle Shell] added to player Baby (count: 1) (type: ITEM_COLLECT)
2026-09-27T22:53:28,704+03:00 Item: 182200509 [Starturtle Shell] added to player Baby (count: 1) (type: ITEM_COLLECT)
2026-09-27T22:53:43,811+03:00 Item: 182200509 [Starturtle Shell] added to player Baby (count: 1) (type: ITEM_COLLECT)
2026-09-27T22:53:59,937+03:00 Item: 114100601 [Knowledge Shoes] added to player Baby (count: 1) (type: ITEM_COLLECT)
2026-09-27T22:54:00,480+03:00 Item: 152010310 [Thin Rawhide] added to player Baby (count: 1) (type: ITEM_COLLECT)
2026-09-27T22:55:29,474+03:00 Item: 186000001 [Iron Coin] added to player Baby (count: 1) (type: ITEM_COLLECT)
2026-09-27T22:57:04,235+03:00 Item: 162000002 [Minor Life Potion] added to player Baby (count: 2) (type: ITEM_COLLECT)
2026-09-27T22:59:25,169+03:00 Item: 169300003 [Lesser Odella Powder] added to player Baby (count: 45) (type: ITEM_COLLECT)
2026-09-27T23:00:33,115+03:00 Item: 182200527 [Odella Soup] added to player Baby (count: 1) (type: QUEST_WORK_ITEM)
2026-09-27T23:00:53,711+03:00 Item: 162000048 [Recovery Serum] added to player Baby (count: 5) (type: ITEM_COLLECT)
2026-09-27T23:01:30,526+03:00 Item: 152000201 [Iron Ore] added to player Baby (count: 3) (type: ITEM_COLLECT)
2026-09-27T23:01:30,806+03:00 Item: 152000201 [Iron Ore] added to player Baby (count: 3) (type: ITEM_COLLECT)
2026-09-27T23:01:30,992+03:00 Item: 152000201 [Iron Ore] added to player Baby (count: 3) (type: ITEM_COLLECT)
2026-09-27T23:01:37,556+03:00 Item: 152000501 [Betua Log] added to player Baby (count: 3) (type: ITEM_COLLECT)
2026-09-27T23:01:37,836+03:00 Item: 152000501 [Betua Log] added to player Baby (count: 3) (type: ITEM_COLLECT)
2026-09-27T23:01:38,024+03:00 Item: 152000501 [Betua Log] added to player Baby (count: 3) (type: ITEM_COLLECT)
2026-09-27T23:01:42,071+03:00 Item: 152000601 [Ruko Fiber] added to player Baby (count: 3) (type: ITEM_COLLECT)
2026-09-27T23:01:42,228+03:00 Item: 152000601 [Ruko Fiber] added to player Baby (count: 3) (type: ITEM_COLLECT)
2026-09-27T23:01:42,398+03:00 Item: 152000601 [Ruko Fiber] added to player Baby (count: 3) (type: ITEM_COLLECT)
2026-09-27T23:02:00,680+03:00 Item: 152000201 [Iron Ore] added to player Baby (count: 3) (type: ITEM_COLLECT)
2026-09-27T23:02:00,853+03:00 Item: 152000201 [Iron Ore] added to player Baby (count: 3) (type: ITEM_COLLECT)
2026-09-27T23:02:01,119+03:00 Item: 152000201 [Iron Ore] added to player Baby (count: 3) (type: ITEM_COLLECT)
2026-09-27T23:02:13,160+03:00 Item: 182400001 [Kinah] added to player Baby (count: 198) (type: ITEM_COLLECT)
2026-09-27T23:02:13,628+03:00 Item: 182200524 [Belbua's Diary] added to player Baby (count: 1) (type: ITEM_COLLECT)
2026-09-27T23:02:21,521+03:00 Item: 182200515 [Pumpkin] added to player Baby (count: 1) (type: ITEM_COLLECT)
2026-09-27T23:02:26,641+03:00 Item: 182200515 [Pumpkin] added to player Baby (count: 1) (type: ITEM_COLLECT)
2026-09-27T23:02:28,196+03:00 Item: 152000001 [Kukuru] added to player Baby (count: 3) (type: ITEM_COLLECT)
2026-09-27T23:02:28,586+03:00 Item: 152000001 [Kukuru] added to player Baby (count: 3) (type: ITEM_COLLECT)
2026-09-27T23:02:28,837+03:00 Item: 152000001 [Kukuru] added to player Baby (count: 3) (type: ITEM_COLLECT)
2026-09-27T23:02:44,715+03:00 Item: 182200515 [Pumpkin] added to player Baby (count: 1) (type: ITEM_COLLECT)
2026-09-27T23:02:50,999+03:00 Item: 182200515 [Pumpkin] added to player Baby (count: 1) (type: ITEM_COLLECT)
2026-09-27T23:02:53,619+03:00 Item: 152000001 [Kukuru] added to player Baby (count: 3) (type: ITEM_COLLECT)
2026-09-27T23:03:09,158+03:00 Item: 152000001 [Kukuru] added to player Baby (count: 3) (type: ITEM_COLLECT)
2026-09-27T23:03:09,328+03:00 Item: 152000001 [Kukuru] added to player Baby (count: 3) (type: ITEM_COLLECT)
2026-09-27T23:03:15,208+03:00 Item: 182200515 [Pumpkin] added to player Baby (count: 1) (type: ITEM_COLLECT)
2026-09-27T23:03:17,205+03:00 Item: 152000001 [Kukuru] added to player Baby (count: 3) (type: ITEM_COLLECT)
2026-09-27T23:03:17,897+03:00 Item: 152000001 [Kukuru] added to player Baby (count: 3) (type: ITEM_COLLECT)
2026-09-27T23:03:18,069+03:00 Item: 152000001 [Kukuru] added to player Baby (count: 3) (type: ITEM_COLLECT)
2026-09-27T23:03:35,784+03:00 Item: 182200515 [Pumpkin] added to player Baby (count: 1) (type: ITEM_COLLECT)
2026-09-27T23:03:37,187+03:00 Item: 152000001 [Kukuru] added to player Baby (count: 3) (type: ITEM_COLLECT)
2026-09-27T23:03:37,482+03:00 Item: 152000001 [Kukuru] added to player Baby (count: 3) (type: ITEM_COLLECT)
2026-09-27T23:03:37,638+03:00 Item: 152000001 [Kukuru] added to player Baby (count: 3) (type: ITEM_COLLECT)
2026-09-27T23:03:42,483+03:00 Item: 182200515 [Pumpkin] added to player Baby (count: 1) (type: ITEM_COLLECT)
2026-09-27T23:04:27,191+03:00 Item: 152000001 [Kukuru] added to player Baby (count: 3) (type: ITEM_COLLECT)
2026-09-27T23:04:27,645+03:00 Item: 152000001 [Kukuru] added to player Baby (count: 3) (type: ITEM_COLLECT)
2026-09-27T23:04:27,802+03:00 Item: 152000001 [Kukuru] added to player Baby (count: 3) (type: ITEM_COLLECT)
2026-09-27T23:04:45,778+03:00 Item: 152000001 [Kukuru] added to player Baby (count: 3) (type: ITEM_COLLECT)
2026-09-27T23:04:50,331+03:00 Item: 152000001 [Kukuru] added to player Baby (count: 3) (type: ITEM_COLLECT)
2026-09-27T23:04:50,550+03:00 Item: 152000001 [Kukuru] added to player Baby (count: 3) (type: ITEM_COLLECT)
2026-09-27T23:04:53,489+03:00 Item: 152000001 [Kukuru] added to player Baby (count: 3) (type: ITEM_COLLECT)
2026-09-27T23:04:54,524+03:00 Item: 152000001 [Kukuru] added to player Baby (count: 3) (type: ITEM_COLLECT)
2026-09-27T23:04:55,383+03:00 Item: 152000001 [Kukuru] added to player Baby (count: 3) (type: ITEM_COLLECT)
2026-09-27T23:04:58,877+03:00 Item: 186000013 [Lepharist Crest] added to player Baby (count: 1) (type: ITEM_COLLECT)
2026-09-27T23:05:25,772+03:00 Item: 152000401 [Aria] added to player Baby (count: 3) (type: ITEM_COLLECT)
2026-09-27T23:05:26,384+03:00 Item: 152000401 [Aria] added to player Baby (count: 3) (type: ITEM_COLLECT)
2026-09-27T23:05:26,602+03:00 Item: 152000401 [Aria] added to player Baby (count: 3) (type: ITEM_COLLECT)
2026-09-27T23:05:28,391+03:00 Item: 186000013 [Lepharist Crest] added to player Baby (count: 1) (type: ITEM_COLLECT)
2026-09-27T23:05:28,909+03:00 Item: 152010314 [Lesser Elemental Stone] added to player Baby (count: 1) (type: ITEM_COLLECT)
2026-09-27T23:05:51,938+03:00 Item: 152010310 [Thin Rawhide] added to player Baby (count: 1) (type: ITEM_COLLECT)
2026-09-27T23:05:54,182+03:00 Item: 182400001 [Kinah] added to player Baby (count: 253) (type: ITEM_COLLECT)
2026-09-27T23:05:59,055+03:00 Item: 152000001 [Kukuru] added to player Baby (count: 3) (type: ITEM_COLLECT)
2026-09-27T23:05:59,430+03:00 Item: 152000001 [Kukuru] added to player Baby (count: 3) (type: ITEM_COLLECT)
2026-09-27T23:05:59,601+03:00 Item: 152000001 [Kukuru] added to player Baby (count: 3) (type: ITEM_COLLECT)
2026-09-27T23:07:26,772+03:00 Item: 182400001 [Kinah] added to player Baby (count: 168) (type: ITEM_COLLECT)
2026-09-27T23:07:27,236+03:00 Item: 167000418 [Manastone: HP +55] added to player Baby (count: 1) (type: ITEM_COLLECT)
2026-09-27T23:07:28,679+03:00 Item: 152011092 [Minor Construction Flux] added to player Baby (count: 1) (type: ITEM_COLLECT)
2026-09-27T23:07:30,317+03:00 Item: 182400001 [Kinah] added to player Baby (count: 144) (type: ITEM_COLLECT)
2026-09-27T23:07:30,586+03:00 Item: 186000013 [Lepharist Crest] added to player Baby (count: 1) (type: ITEM_COLLECT)
2026-09-27T23:07:43,756+03:00 Item: 186000013 [Lepharist Crest] added to player Baby (count: 1) (type: ITEM_COLLECT)
2026-09-27T23:07:58,778+03:00 Item: 152000001 [Kukuru] added to player Baby (count: 3) (type: ITEM_COLLECT)
2026-09-27T23:07:58,996+03:00 Item: 152000001 [Kukuru] added to player Baby (count: 3) (type: ITEM_COLLECT)
2026-09-27T23:07:59,215+03:00 Item: 152000001 [Kukuru] added to player Baby (count: 3) (type: ITEM_COLLECT)
2026-09-27T23:08:01,470+03:00 Item: 152000001 [Kukuru] added to player Baby (count: 3) (type: ITEM_COLLECT)
2026-09-27T23:08:01,722+03:00 Item: 152000001 [Kukuru] added to player Baby (count: 3) (type: ITEM_COLLECT)
2026-09-27T23:08:01,863+03:00 Item: 152000001 [Kukuru] added to player Baby (count: 3) (type: ITEM_COLLECT)
2026-09-27T23:08:05,172+03:00 Item: 152000001 [Kukuru] added to player Baby (count: 3) (type: ITEM_COLLECT)
2026-09-27T23:08:05,452+03:00 Item: 152000001 [Kukuru] added to player Baby (count: 3) (type: ITEM_COLLECT)
2026-09-27T23:08:05,592+03:00 Item: 152000001 [Kukuru] added to player Baby (count: 3) (type: ITEM_COLLECT)
2026-09-27T23:08:08,852+03:00 Item: 152000001 [Kukuru] added to player Baby (count: 3) (type: ITEM_COLLECT)
2026-09-27T23:08:09,243+03:00 Item: 152000001 [Kukuru] added to player Baby (count: 3) (type: ITEM_COLLECT)
2026-09-27T23:08:09,382+03:00 Item: 152000001 [Kukuru] added to player Baby (count: 3) (type: ITEM_COLLECT)
2026-09-27T23:08:42,275+03:00 Item: 182400001 [Kinah] added to player Baby (count: 216) (type: ITEM_COLLECT)
2026-09-27T23:08:42,606+03:00 Item: 152010314 [Lesser Elemental Stone] added to player Baby (count: 1) (type: ITEM_COLLECT)
2026-09-27T23:08:46,254+03:00 Item: 182400001 [Kinah] added to player Baby (count: 120) (type: ITEM_COLLECT)
2026-09-27T23:08:46,554+03:00 Item: 186000013 [Lepharist Crest] added to player Baby (count: 1) (type: ITEM_COLLECT)
2026-09-27T23:08:47,668+03:00 Item: 182400001 [Kinah] added to player Baby (count: 209) (type: ITEM_COLLECT)
2026-09-27T23:08:48,076+03:00 Item: 114500341 [Canyon Brogans] added to player Baby (count: 1) (type: ITEM_COLLECT)
2026-09-27T23:08:48,343+03:00 Item: 182003734 [Damaged Lepharist Insignia] added to player Baby (count: 1) (type: ITEM_COLLECT)
2026-09-27T23:09:12,035+03:00 Item: 182400001 [Kinah] added to player Baby (count: 382) (type: ITEM_COLLECT)
2026-09-27T23:09:12,346+03:00 Item: 152011021 [Minor Armor Flux] added to player Baby (count: 1) (type: ITEM_COLLECT)
2026-09-27T23:09:16,463+03:00 Item: 182200559 [The Bandit's Letter] added to player Baby (count: 1) (type: QUEST_WORK_ITEM)
2026-09-27T23:09:28,584+03:00 Item: 152000201 [Iron Ore] added to player Baby (count: 3) (type: ITEM_COLLECT)
2026-09-27T23:09:28,865+03:00 Item: 152000201 [Iron Ore] added to player Baby (count: 3) (type: ITEM_COLLECT)
2026-09-27T23:09:29,036+03:00 Item: 152000201 [Iron Ore] added to player Baby (count: 3) (type: ITEM_COLLECT)
2026-09-27T23:09:49,322+03:00 Item: 152000601 [Ruko Fiber] added to player Baby (count: 3) (type: ITEM_COLLECT)
2026-09-27T23:09:49,633+03:00 Item: 152000601 [Ruko Fiber] added to player Baby (count: 3) (type: ITEM_COLLECT)
2026-09-27T23:10:02,290+03:00 Item: 167000423 [Manastone: Magic Boost +19] added to player Baby (count: 1) (type: ITEM_COLLECT)
2026-09-27T23:10:14,522+03:00 Item: 162000004 [Life Potion] added to player Baby (count: 5) (type: ITEM_COLLECT)
2026-09-27T23:10:14,522+03:00 Item: 162000009 [Mana Potion] added to player Baby (count: 5) (type: ITEM_COLLECT)
2026-09-27T23:11:35,128+03:00 Item: 160000003 [Belbua Pumpkin Wine] added to player Baby (count: 3) (type: ITEM_COLLECT)
2026-09-27T23:11:55,153+03:00 Item: 188053406 [Lesser Supply Manastone Box] added to player Baby (count: 1) (type: ITEM_COLLECT)
2026-09-27T23:12:05,224+03:00 Item: 167000418 [Manastone: HP +55] added to player Baby (count: 1) (type: DECOMPOSABLE)
2026-09-27T23:12:53,196+03:00 Item: 186000001 [Iron Coin] added to player Baby (count: 1) (type: ITEM_COLLECT)
