2026-09-27T22:07:35,340+03:00 INFO  [main] com.aionemu.gameserver.configs.Config - Loading default configuration values from: ./config/administration/*
2026-09-27T22:07:35,348+03:00 INFO  [main] com.aionemu.gameserver.configs.Config - Loading default configuration values from: ./config/main/*
2026-09-27T22:07:35,361+03:00 INFO  [main] com.aionemu.gameserver.configs.Config - Loading default configuration values from: ./config/network/*
2026-09-27T22:07:35,363+03:00 INFO  [main] com.aionemu.gameserver.configs.Config - Loading: ./config/mygs.properties
2026-09-27T22:07:35,493+03:00 INFO  [main] com.aionemu.gameserver.configs.Config - No IP for Aion client advertisement configured, using 192.168.1.130
2026-09-27T22:07:35,510+03:00 INFO  [main] com.zaxxer.hikari.HikariDataSource - HikariPool-1 - Starting...
2026-09-27T22:07:36,022+03:00 INFO  [main] com.zaxxer.hikari.pool.HikariPool - HikariPool-1 - Added connection com.mysql.cj.jdbc.ConnectionImpl@4d9ac0b4
2026-09-27T22:07:36,024+03:00 INFO  [main] com.zaxxer.hikari.HikariDataSource - HikariPool-1 - Start completed.
2026-09-27T22:07:36,073+03:00 INFO  [main] com.aionemu.gameserver.utils.ThreadPoolManager - ThreadPoolManager: Initialized with 12 instant, 12 scheduler and 0 long running threads
2026-09-27T22:07:36,376+03:00 INFO  [main] com.aionemu.gameserver.utils.idfactory.IDFactory - IDFactory: 84133 IDs used.
2026-09-27T22:07:36,379+03:00 INFO  [main] com.aionemu.gameserver.dataholders.loadingutils.XmlDataLoader - Preparing static data cache file...
2026-09-27T22:07:36,446+03:00 INFO  [main] com.aionemu.gameserver.dataholders.loadingutils.XmlMerger - Modifications found. Updating...
2026-09-27T22:07:40,522+03:00 INFO  [main] com.aionemu.gameserver.dataholders.loadingutils.XmlDataLoader - Processing cache file...
2026-09-27T22:07:40,522+03:00 INFO  [pool-2-thread-1] com.aionemu.gameserver.dataholders.loadingutils.XmlDataLoader - Validating .\cache\static_data.xml in background...
2026-09-27T22:07:46,982+03:00 INFO  [main] com.aionemu.gameserver.dataholders.StaticData - Loaded 161 maps
2026-09-27T22:07:46,983+03:00 INFO  [main] com.aionemu.gameserver.dataholders.StaticData - Loaded 35 material ids
2026-09-27T22:07:46,983+03:00 INFO  [main] com.aionemu.gameserver.dataholders.StaticData - Loaded weather for 24 maps
2026-09-27T22:07:46,983+03:00 INFO  [main] com.aionemu.gameserver.dataholders.StaticData - Loaded 66 player experience table entries
2026-09-27T22:07:46,983+03:00 INFO  [main] com.aionemu.gameserver.dataholders.StaticData - Loaded 47 absolute stat templates
2026-09-27T22:07:46,984+03:00 INFO  [main] com.aionemu.gameserver.dataholders.StaticData - Loaded 1 item cleanup entries
2026-09-27T22:07:46,984+03:00 INFO  [main] com.aionemu.gameserver.dataholders.StaticData - Loaded 102009 item templates
2026-09-27T22:07:46,986+03:00 INFO  [main] com.aionemu.gameserver.dataholders.StaticData - Loaded 539 item bonus templates
2026-09-27T22:07:46,988+03:00 INFO  [main] com.aionemu.gameserver.dataholders.StaticData - Loaded 5139 bonus item group templates and 787 pet food items
2026-09-27T22:07:46,988+03:00 INFO  [main] com.aionemu.gameserver.dataholders.StaticData - Loaded 63287 npc templates
2026-09-27T22:07:46,989+03:00 INFO  [main] com.aionemu.gameserver.dataholders.StaticData - Loaded 174 custom npc drops
2026-09-27T22:07:46,989+03:00 INFO  [main] com.aionemu.gameserver.dataholders.StaticData - Loaded 14 system mail templates
2026-09-27T22:07:46,989+03:00 INFO  [main] com.aionemu.gameserver.dataholders.StaticData - Loaded 3789 npc shout templates
2026-09-27T22:07:46,989+03:00 INFO  [main] com.aionemu.gameserver.dataholders.StaticData - Loaded 218 pet templates and 33 food flavours
2026-09-27T22:07:46,989+03:00 INFO  [main] com.aionemu.gameserver.dataholders.StaticData - Loaded 31 pet doping templates
2026-09-27T22:07:46,989+03:00 INFO  [main] com.aionemu.gameserver.dataholders.StaticData - Loaded 9 pet buffs templates
2026-09-27T22:07:46,989+03:00 INFO  [main] com.aionemu.gameserver.dataholders.StaticData - Loaded 6 initial player templates
2026-09-27T22:07:46,990+03:00 INFO  [main] com.aionemu.gameserver.dataholders.StaticData - Loaded 1987 trade lists
2026-09-27T22:07:46,991+03:00 INFO  [main] com.aionemu.gameserver.dataholders.StaticData - Loaded 249 npc teleporter templates
2026-09-27T22:07:46,991+03:00 INFO  [main] com.aionemu.gameserver.dataholders.StaticData - Loaded 284 teleport locations
2026-09-27T22:07:46,991+03:00 INFO  [main] com.aionemu.gameserver.dataholders.StaticData - Loaded 13570 skill templates
2026-09-27T22:07:46,991+03:00 INFO  [main] com.aionemu.gameserver.dataholders.StaticData - Loaded 163 skill charge entries
2026-09-27T22:07:46,991+03:00 INFO  [main] com.aionemu.gameserver.dataholders.StaticData - Loaded 304 motion times
2026-09-27T22:07:46,992+03:00 INFO  [main] com.aionemu.gameserver.dataholders.StaticData - Loaded 4888 skill learn entries
2026-09-27T22:07:46,993+03:00 INFO  [main] com.aionemu.gameserver.dataholders.StaticData - Loaded 7 cube expand entries
2026-09-27T22:07:46,993+03:00 INFO  [main] com.aionemu.gameserver.dataholders.StaticData - Loaded 254 warehouse expand entries
2026-09-27T22:07:46,993+03:00 INFO  [main] com.aionemu.gameserver.dataholders.StaticData - Loaded 129 bind point entries
2026-09-27T22:07:46,993+03:00 INFO  [main] com.aionemu.gameserver.dataholders.StaticData - Loaded 8043 quest data entries
2026-09-27T22:07:46,993+03:00 INFO  [main] com.aionemu.gameserver.dataholders.StaticData - Loaded 756 gatherable entries
2026-09-27T22:07:46,993+03:00 INFO  [main] com.aionemu.gameserver.dataholders.StaticData - Loaded 300 title entries
2026-09-27T22:07:46,994+03:00 INFO  [main] com.aionemu.gameserver.dataholders.StaticData - Loaded 6449 walker routes
2026-09-27T22:07:46,994+03:00 INFO  [main] com.aionemu.gameserver.dataholders.StaticData - Loaded 12 walker group variants
2026-09-27T22:07:46,994+03:00 INFO  [main] com.aionemu.gameserver.dataholders.StaticData - Loaded 3978 zone entries
2026-09-27T22:07:46,994+03:00 INFO  [main] com.aionemu.gameserver.dataholders.StaticData - Loaded 3239 goodslist entries
2026-09-27T22:07:46,994+03:00 INFO  [main] com.aionemu.gameserver.dataholders.StaticData - Loaded 719 tribe relation entries
2026-09-27T22:07:46,994+03:00 INFO  [main] com.aionemu.gameserver.dataholders.StaticData - Loaded 12494 recipe entries
2026-09-27T22:07:46,995+03:00 INFO  [main] com.aionemu.gameserver.dataholders.StaticData - Loaded 187 chest locations
2026-09-27T22:07:46,995+03:00 INFO  [main] com.aionemu.gameserver.dataholders.StaticData - Loaded 63 static door locations
2026-09-27T22:07:46,995+03:00 INFO  [main] com.aionemu.gameserver.dataholders.StaticData - Loaded 558 item set entries
2026-09-27T22:07:46,995+03:00 INFO  [main] com.aionemu.gameserver.dataholders.StaticData - Loaded 18 npc factions
2026-09-27T22:07:46,995+03:00 INFO  [main] com.aionemu.gameserver.dataholders.StaticData - Loaded 11931 npc skill list entries
2026-09-27T22:07:46,995+03:00 INFO  [main] com.aionemu.gameserver.dataholders.StaticData - Loaded 13 pet skill list entries
2026-09-27T22:07:46,996+03:00 INFO  [main] com.aionemu.gameserver.dataholders.StaticData - Loaded 70 siege location entries
2026-09-27T22:07:46,996+03:00 INFO  [main] com.aionemu.gameserver.dataholders.StaticData - Loaded 2 vortex entries
2026-09-27T22:07:46,996+03:00 INFO  [main] com.aionemu.gameserver.dataholders.StaticData - Loaded 60 rift entries
2026-09-27T22:07:46,996+03:00 INFO  [main] com.aionemu.gameserver.dataholders.StaticData - Loaded 42 base entries
2026-09-27T22:07:46,996+03:00 INFO  [main] com.aionemu.gameserver.dataholders.StaticData - Loaded 74 fly ring entries
2026-09-27T22:07:46,997+03:00 INFO  [main] com.aionemu.gameserver.dataholders.StaticData - Loaded 218 pet entries
2026-09-27T22:07:46,997+03:00 INFO  [main] com.aionemu.gameserver.dataholders.StaticData - Loaded 80 guide entries
2026-09-27T22:07:46,997+03:00 INFO  [main] com.aionemu.gameserver.dataholders.StaticData - Loaded 8 road entries
2026-09-27T22:07:46,997+03:00 INFO  [main] com.aionemu.gameserver.dataholders.StaticData - Loaded 110 instance cooltime entries
2026-09-27T22:07:46,998+03:00 INFO  [main] com.aionemu.gameserver.dataholders.StaticData - Loaded 2484 decomposable items entries
2026-09-27T22:07:46,998+03:00 INFO  [main] com.aionemu.gameserver.dataholders.StaticData - Loaded 75 ai templates
2026-09-27T22:07:46,998+03:00 INFO  [main] com.aionemu.gameserver.dataholders.StaticData - Loaded 208 flypath templates
2026-09-27T22:07:46,998+03:00 INFO  [main] com.aionemu.gameserver.dataholders.StaticData - Loaded 5 windstream entries
2026-09-27T22:07:46,998+03:00 INFO  [main] com.aionemu.gameserver.dataholders.StaticData - Loaded 21 assembled npcs entries
2026-09-27T22:07:46,999+03:00 INFO  [main] com.aionemu.gameserver.dataholders.StaticData - Loaded 366 cosmetic items entries
2026-09-27T22:07:46,999+03:00 INFO  [main] com.aionemu.gameserver.dataholders.StaticData - Loaded 114 auto group entries
2026-09-27T22:07:46,999+03:00 INFO  [main] com.aionemu.gameserver.dataholders.StaticData - Loaded 140 spawn maps entries
2026-09-27T22:07:46,999+03:00 INFO  [main] com.aionemu.gameserver.dataholders.StaticData - Loaded 76 events
2026-09-27T22:07:46,999+03:00 INFO  [main] com.aionemu.gameserver.dataholders.StaticData - Loaded 61 skill panel entries
2026-09-27T22:07:46,999+03:00 INFO  [main] com.aionemu.gameserver.dataholders.StaticData - Loaded 16 instance Buffs entries
2026-09-27T22:07:46,999+03:00 INFO  [main] com.aionemu.gameserver.dataholders.StaticData - Loaded 1511 housing object entries
2026-09-27T22:07:46,999+03:00 INFO  [main] com.aionemu.gameserver.dataholders.StaticData - Loaded 65 ride info entries
2026-09-27T22:07:47,000+03:00 INFO  [main] com.aionemu.gameserver.dataholders.StaticData - Loaded 137 instance exit entries
2026-09-27T22:07:47,000+03:00 INFO  [main] com.aionemu.gameserver.dataholders.StaticData - Loaded 405 portal loc entries
2026-09-27T22:07:47,001+03:00 INFO  [main] com.aionemu.gameserver.dataholders.StaticData - Loaded 466 portal templates2 entries
2026-09-27T22:07:47,001+03:00 INFO  [main] com.aionemu.gameserver.dataholders.StaticData - Loaded 20 housing lands
2026-09-27T22:07:47,001+03:00 INFO  [main] com.aionemu.gameserver.dataholders.StaticData - Loaded 9 house building styles
2026-09-27T22:07:47,001+03:00 INFO  [main] com.aionemu.gameserver.dataholders.StaticData - Loaded 276 house parts
2026-09-27T22:07:47,002+03:00 INFO  [main] com.aionemu.gameserver.dataholders.StaticData - Loaded 3094 house spawns
2026-09-27T22:07:47,002+03:00 INFO  [main] com.aionemu.gameserver.dataholders.StaticData - Loaded 89 assembly items entries
2026-09-27T22:07:47,003+03:00 INFO  [main] com.aionemu.gameserver.dataholders.StaticData - Loaded 122 challenge tasks entries
2026-09-27T22:07:47,003+03:00 INFO  [main] com.aionemu.gameserver.dataholders.StaticData - Loaded 6 conqueror and protector entries
2026-09-27T22:07:47,003+03:00 INFO  [main] com.aionemu.gameserver.dataholders.StaticData - Loaded 2450 town spawns
2026-09-27T22:07:47,003+03:00 INFO  [main] com.aionemu.gameserver.dataholders.StaticData - Loaded 57 temperings
2026-09-27T22:07:47,004+03:00 INFO  [main] com.aionemu.gameserver.dataholders.StaticData - Loaded 44 enchants
2026-09-27T22:07:47,005+03:00 INFO  [main] com.aionemu.gameserver.dataholders.StaticData - Loaded 2196 global drop rules with global drop npc exclusions
2026-09-27T22:07:47,005+03:00 INFO  [main] com.aionemu.gameserver.dataholders.StaticData - Loaded 7 multi return item entries
2026-09-27T22:07:47,005+03:00 INFO  [main] com.aionemu.gameserver.dataholders.StaticData - Loaded 73 hotspot entries
2026-09-27T22:07:47,005+03:00 INFO  [main] com.aionemu.gameserver.dataholders.StaticData - Loaded 1830 item purifications entries
2026-09-27T22:07:47,006+03:00 INFO  [main] com.aionemu.gameserver.dataholders.StaticData - Loaded 4 upgrade arcade entries
2026-09-27T22:07:47,006+03:00 INFO  [main] com.aionemu.gameserver.dataholders.StaticData - Loaded 394 atreian passports
2026-09-27T22:07:47,006+03:00 INFO  [main] com.aionemu.gameserver.dataholders.StaticData - Loaded 48 world raid locations
2026-09-27T22:07:47,006+03:00 INFO  [main] com.aionemu.gameserver.dataholders.StaticData - Loaded 27 kill bounty templates
2026-09-27T22:07:47,006+03:00 INFO  [main] com.aionemu.gameserver.dataholders.StaticData - Loaded 6 legion dominion locations
2026-09-27T22:07:47,007+03:00 INFO  [main] com.aionemu.gameserver.dataholders.StaticData - Loaded 2 skill alias locations
2026-09-27T22:07:47,007+03:00 INFO  [main] com.aionemu.gameserver.dataholders.StaticData - Loaded 4 signet data templates
2026-09-27T22:07:47,145+03:00 WARN  [main] com.aionemu.gameserver.dataholders.TradeListData - Missing trade lists for these npcs: [205832, 205833, 205854, 205855, 205875, 205876, 205877, 798088, 798089, 798091, 800588, 800589, 800592, 800593, 800594, 800595, 800600, 800610, 800611, 800612, 800613, 800615, 800616, 800617, 800618, 800623, 800700, 800701, 800702, 800705, 800706, 800707, 800710, 800711, 800712, 800715, 800716, 800717, 800720, 800724, 800727, 800731, 800785, 800788, 801416, 801417, 801430, 801431, 801970, 801971, 802211, 802212, 802391, 802392, 802401, 802402, 831360, 831369, 832009, 832010]
2026-09-27T22:07:47,155+03:00 WARN  [main] com.aionemu.gameserver.dataholders.TradeListData - Missing trade-in lists for these npcs: [800371, 800372, 800417, 801494, 801495]
2026-09-27T22:07:47,160+03:00 WARN  [main] com.aionemu.gameserver.dataholders.SkillData - Missing motion times for these motion names: "sumrobot" (skill id 2767), "quest_drinkpoint" (skill id 10433), "pr_root_g3" (skill id 10577), "cash_social_diving" (skill id 10591), "areaatklf" (skill id 16956), "areaatkrf" (skill id 16957), "normalfireth" (skill id 16958), "normalfiremo" (skill id 16959), "pointfirerh" (skill id 16960), "pointfirelh" (skill id 16961), "areaatkrh" (skill id 16962), "areaatklh" (skill id 16973), "normalfirehd" (skill id 16974), "areafireod" (skill id 16975), "phburst1" (skill id 17996), "movingatk" (skill id 18229), "sanctuaryfire" (skill id 18532), "poweratk2" (skill id 18661), "areaatk2" (skill id 18663), "normalfire3" (skill id 19177), "normalfire4" (skill id 19178), "sanctin" (skill id 19186), "sanctout" (skill id 19187), "normalfire5" (skill id 19200), "sanctuary" (skill id 19356), "talk" (skill id 19357), "poweratk1" (skill id 19499), "areafire1" (skill id 19501), "normalfire1" (skill id 19524), "backatk" (skill id 19563), "say" (skill id 19693), "transform" (skill id 19694), "summon1" (skill id 19720), "rangeatk" (skill id 20459), "poweratk3" (skill id 20492), "teleport" (skill id 20582), "earthquake" (skill id 20717), "spinatk" (skill id 20747), "open" (skill id 20766), "shapechange" (skill id 20919), "breathl" (skill id 20922), "breathm" (skill id 20924), "breathr" (skill id 20926), "deadlyatk" (skill id 20929), "breathl4s" (skill id 21149), "breathl8s" (skill id 21151), "breathm4s" (skill id 21153), "breathm8s" (skill id 21155), "breathr4s" (skill id 21157), "breathr8s" (skill id 21159), "openariel" (skill id 21170), "biteatk" (skill id 21543), "closeariel" (skill id 21556), "chainatk" (skill id 21565), "areafire3" (skill id 21574), "cidle" (skill id 21658), "herb" (skill id 30001), "axe" (skill id 30002), "mine" (skill id 30003)
2026-09-27T22:07:47,167+03:00 INFO  [main] com.aionemu.gameserver.dataholders.DataManager - ##### [Static Data loaded in 10.8 seconds] #####
2026-09-27T22:07:47,578+03:00 INFO  [ForkJoinPool.commonPool-worker-5] com.aionemu.commons.scripting.ScriptCompilerCache - Initialized compiled class cache with 1728 classes
2026-09-27T22:07:47,776+03:00 INFO  [ForkJoinPool.commonPool-worker-5] com.aionemu.gameserver.world.zone.ZoneService - Loaded 0 zone handlers.
2026-09-27T22:07:47,929+03:00 INFO  [ForkJoinPool.commonPool-worker-3] com.aionemu.gameserver.instance.InstanceEngine - Loaded 73 instance handlers.
2026-09-27T22:07:48,221+03:00 INFO  [main] com.aionemu.gameserver.utils.chathandlers.ChatProcessor - Loaded 151 commands.
2026-09-27T22:07:48,513+03:00 INFO  [ForkJoinPool.commonPool-worker-4] com.aionemu.gameserver.geoEngine.GeoWorldLoader - Loaded terrains for 89 maps
2026-09-27T22:07:48,631+03:00 INFO  [ForkJoinPool.commonPool-worker-1] com.aionemu.gameserver.ai.AIEngine - Loaded 457 AI handlers.
2026-09-27T22:07:48,666+03:00 INFO  [ForkJoinPool.commonPool-worker-4] com.aionemu.gameserver.geoEngine.GeoWorldLoader - Loaded 20028 meshes
2026-09-27T22:07:49,348+03:00 INFO  [ForkJoinPool.commonPool-worker-4] com.aionemu.gameserver.geoEngine.GeoWorldLoader - Loaded 420626 entities on 151 maps
2026-09-27T22:07:49,419+03:00 INFO  [ForkJoinPool.commonPool-worker-2] com.aionemu.gameserver.questEngine.QuestEngine - Loaded 5219 quest handlers.
2026-09-27T22:07:49,450+03:00 INFO  [pool-2-thread-3] com.aionemu.gameserver.questEngine.QuestSpawnAnalyzer - Analyzing quest handlers (ignoreEventQuests=true)...
2026-09-27T22:07:50,424+03:00 INFO  [pool-2-thread-1] com.aionemu.gameserver.dataholders.loadingutils.XmlDataLoader - Validated .\cache\static_data.xml in 9436ms
2026-09-27T22:07:50,791+03:00 WARN  [pool-2-thread-3] com.aionemu.gameserver.questEngine.QuestSpawnAnalyzer - Quest handler analysis finished in 1294 ms. Found 77 missing quest npc spawns:
	Npc 204652 (quests: 2696, 4500)
	Npc 205842 (quests: 19618, 30604)
	Npc 205864 (quests: 29618, 30614)
	Npc 205886 (quests: 19617, 29617)
	Npc 205947 (quests: 30511)
	Npc 205973 (quests: 30513, 30563)
	Npc 206395/206396/206397 (quests: 28737, 28738, 28742, 28743)
	Npc 209474 (quests: 49002)
	Npc 209477/209478 (quests: 39002)
	Npc 216608 (quests: 36504)
	Npc 216609 (quests: 36505)
	Npc 216610 (quests: 36506)
	Npc 216614 (quests: 36510)
	Npc 216615 (quests: 36511)
	Npc 216616 (quests: 36512)
	Npc 216620 (quests: 36516)
	Npc 216624 (quests: 46500)
	Npc 216628 (quests: 46505)
	Npc 216629 (quests: 46511)
	Npc 216640 (quests: 46504)
	Npc 216641 (quests: 46510)
	Npc 216642 (quests: 46516)
	Npc 216643 (quests: 46517)
	Npc 216942 (quests: 30256, 30257, 30258, 30356, 30357, 30358)
	Npc 217599 (quests: 18204, 28204)
	Npc 217609/277068 (quests: 18205, 28205)
	Npc 219240/219241/219242/219243/219244 (quests: 30601, 30611)
	Npc 219255/219256/219257/219258/219259/219260/219261/219262/219267/219268/219271/219286 (quests: 30603, 30613)
	Npc 219555/219563 (quests: 30279, 30379)
	Npc 230744/230745/230749 (quests: 18033, 28033)
	Npc 231305 (quests: 17009, 27009)
	Npc 233544 (quests: 16961, 26961)
	Npc 233565/233566/233567/233568/233569 (quests: 16962, 26962)
	Npc 234190 (quests: 18941, 28941)
	Npc 236231/236234 (quests: 18952, 28952)
	Npc 256197 (quests: 1791)
	Npc 278119 (quests: 2861, 2865)
	Npc 278120 (quests: 2787)
	Npc 278121 (quests: 2786)
	Npc 278123 (quests: 2860)
	Npc 700434/700436 (quests: 4094)
	Npc 700539/700541/700542/700543/700544 (quests: 3907, 4911)
	Npc 700621/700622/700623 (quests: 11211)
	Npc 700624/700625/700626 (quests: 11216)
	Npc 700863 (quests: 30262, 30362)
	Npc 700930 (quests: 21248)
	Npc 701587 (quests: 30281, 30381)
	Npc 701795 (quests: 16921, 26921)
	Npc 702757 (quests: 46530)
	Npc 702769 (quests: 18953, 28953)
	Npc 798301 (quests: 9548, 9549)
	Npc 799531 (quests: 19615, 29615)
	Npc 800066 (quests: 19619)
	Npc 800070 (quests: 29619)
	Npc 800165 (quests: 30061, 30276, 39000)
	Npc 800170 (quests: 30161, 30376, 49000)
	Npc 800958 (quests: 13800)
	Npc 800980 (quests: 23800)
	Npc 801032/801033 (quests: 1230, 1231)
	Npc 801189 (quests: 16904)
	Npc 801193 (quests: 26904)
	Npc 801541 (quests: 16930)
	Npc 801543 (quests: 16990)
	Npc 801545 (quests: 26930)
	Npc 801547 (quests: 26990)
	Npc 802026 (quests: 26979)
	Npc 802048 (quests: 16990, 16991, 16992)
	Npc 802049 (quests: 26990, 26991, 26992)
	Npc 802383 (quests: 18940, 18941)
	Npc 802384 (quests: 28940, 28941)
	Npc 802610 (quests: 13714)
	Npc 804613 (quests: 19626, 19627)
	Npc 804614 (quests: 29626, 29627)
	Npc 810017/810018/810019/810020/810021 (quests: 18827, 18829, 18831)
	Npc 810022/810023/810024/810025/810026 (quests: 28827, 28829, 28831)
	Npc 831924 (quests: 9562, 9563)
	Npc 831926 (quests: 9564, 9565)
2026-09-27T22:07:50,883+03:00 INFO  [main] com.aionemu.gameserver.world.World - World: 161 world maps created.
2026-09-27T22:07:50,888+03:00 INFO  [main] com.aionemu.gameserver.services.GameTimeService - Initialized GameTime
2026-09-27T22:07:50,892+03:00 INFO  [main] com.aionemu.gameserver.services.BaseService - Initializing bases...
2026-09-27T22:07:50,897+03:00 INFO  [main] SIEGE_LOG - Initializing sieges...
2026-09-27T22:07:50,949+03:00 INFO  [main] com.aionemu.gameserver.services.HousingService - Loaded 0 houses and 0 studios
2026-09-27T22:07:50,953+03:00 INFO  [main] HOUSE_AUCTION_LOG - Loaded bids for 0 houses
2026-09-27T22:07:50,959+03:00 INFO  [pool-2-thread-3] com.aionemu.gameserver.taskmanager.tasks.housing.AuctionEndTask - Scheduled AuctionEndTask with cron expression: 0 0 12 ? * SUN
2026-09-27T22:07:50,960+03:00 INFO  [pool-2-thread-3] com.aionemu.gameserver.taskmanager.tasks.housing.AuctionAutoFillTask - Scheduled AuctionAutoFillTask with cron expression: 0 0 0 ? * MON
2026-09-27T22:07:50,962+03:00 INFO  [pool-2-thread-3] com.aionemu.gameserver.taskmanager.tasks.housing.MaintenanceTask - Scheduled MaintenanceTask with cron expression: 0 0 0 ? * MON
2026-09-27T22:07:50,964+03:00 INFO  [main] com.aionemu.gameserver.services.ChallengeTaskService - ChallengeTaskService initialized.
2026-09-27T22:07:50,967+03:00 INFO  [ForkJoinPool.commonPool-worker-6] com.aionemu.gameserver.spawnengine.StaticDoorSpawnManager - Spawned 4 static doors in WorldMapInstance 400030000 [1]
2026-09-27T22:07:50,968+03:00 INFO  [ForkJoinPool.commonPool-worker-1] com.aionemu.gameserver.spawnengine.SpawnEngine - Spawned 1 objects in WorldMapInstance 900220000 [1]
2026-09-27T22:07:50,969+03:00 INFO  [ForkJoinPool.commonPool-worker-1] com.aionemu.gameserver.spawnengine.SpawnEngine - Spawned 1 objects in WorldMapInstance 210080000 [1]
2026-09-27T22:07:50,971+03:00 INFO  [ForkJoinPool.commonPool-worker-9] com.aionemu.gameserver.spawnengine.SpawnEngine - Spawned 15 objects in WorldMapInstance 900110000 [1]
2026-09-27T22:07:50,988+03:00 INFO  [ForkJoinPool.commonPool-worker-11] com.aionemu.gameserver.spawnengine.SpawnEngine - Spawned 160 objects in WorldMapInstance 900020000 [1]
2026-09-27T22:07:50,989+03:00 INFO  [ForkJoinPool.commonPool-worker-9] com.aionemu.gameserver.spawnengine.SpawnEngine - Spawned 70 objects in WorldMapInstance 110070000 [1]
2026-09-27T22:07:50,989+03:00 INFO  [ForkJoinPool.commonPool-worker-2] com.aionemu.gameserver.spawnengine.SpawnEngine - Spawned 70 objects in WorldMapInstance 120080000 [1]
2026-09-27T22:07:50,993+03:00 INFO  [ForkJoinPool.commonPool-worker-11] com.aionemu.gameserver.spawnengine.SpawnEngine - Spawned 18 objects in WorldMapInstance 140010000 [1]
2026-09-27T22:07:50,995+03:00 INFO  [ForkJoinPool.commonPool-worker-2] com.aionemu.gameserver.spawnengine.SpawnEngine - Spawned 18 objects in WorldMapInstance 130090000 [1]
2026-09-27T22:07:51,038+03:00 INFO  [ForkJoinPool.commonPool-worker-9] com.aionemu.gameserver.taskmanager.AbstractPeriodicTaskManager - MovementNotifyTask initialized.
2026-09-27T22:07:51,039+03:00 INFO  [ForkJoinPool.commonPool-worker-9] com.aionemu.gameserver.taskmanager.AbstractPeriodicTaskManager - MoveTaskManager initialized.
2026-09-27T22:07:51,041+03:00 INFO  [ForkJoinPool.commonPool-worker-9] com.aionemu.gameserver.spawnengine.SpawnEngine - Spawned 400 objects in WorldMapInstance 120010000 [1]
2026-09-27T22:07:51,043+03:00 INFO  [ForkJoinPool.commonPool-worker-8] com.aionemu.gameserver.spawnengine.SpawnEngine - Spawned 362 objects in WorldMapInstance 110010000 [1]
2026-09-27T22:07:51,044+03:00 INFO  [ForkJoinPool.commonPool-worker-9] com.aionemu.gameserver.spawnengine.SpawnEngine - Spawned 35 objects in WorldMapInstance 120020000 [1]
2026-09-27T22:07:51,046+03:00 INFO  [ForkJoinPool.commonPool-worker-6] com.aionemu.gameserver.spawnengine.SpawnEngine - Spawned 776 objects in WorldMapInstance 400040000 [1]
2026-09-27T22:07:51,049+03:00 INFO  [ForkJoinPool.commonPool-worker-8] com.aionemu.gameserver.spawnengine.SpawnEngine - Spawned 35 objects in WorldMapInstance 110020000 [1]
2026-09-27T22:07:51,060+03:00 INFO  [ForkJoinPool.commonPool-worker-1] com.aionemu.gameserver.spawnengine.SpawnEngine - Spawned 762 objects in WorldMapInstance 210090000 [1]
2026-09-27T22:07:51,060+03:00 INFO  [ForkJoinPool.commonPool-worker-7] com.aionemu.gameserver.spawnengine.SpawnEngine - Spawned 762 objects in WorldMapInstance 220100000 [1]
2026-09-27T22:07:51,073+03:00 INFO  [ForkJoinPool.commonPool-worker-3] com.aionemu.gameserver.spawnengine.SpawnEngine - Spawned 1412 objects in WorldMapInstance 600090000 [1]
2026-09-27T22:07:51,077+03:00 INFO  [ForkJoinPool.commonPool-worker-4] com.aionemu.gameserver.spawnengine.SpawnEngine - Spawned 1469 objects in WorldMapInstance 220010000 [1]
2026-09-27T22:07:51,077+03:00 INFO  [ForkJoinPool.commonPool-worker-8] com.aionemu.gameserver.spawnengine.SpawnEngine - Spawned 386 objects in WorldMapInstance 600010000 [1]
2026-09-27T22:07:51,082+03:00 INFO  [ForkJoinPool.commonPool-worker-8] com.aionemu.gameserver.spawnengine.SpawnEngine - Spawned 26 objects in WorldMapInstance 600080000 [1]
2026-09-27T22:07:51,101+03:00 INFO  [ForkJoinPool.commonPool-worker-11] com.aionemu.gameserver.spawnengine.SpawnEngine - Spawned 1134 objects in WorldMapInstance 210010000 [1]
2026-09-27T22:07:51,101+03:00 INFO  [ForkJoinPool.commonPool-worker-7] com.aionemu.gameserver.spawnengine.SpawnEngine - Spawned 775 objects in WorldMapInstance 400060000 [1]
2026-09-27T22:07:51,105+03:00 INFO  [ForkJoinPool.commonPool-worker-6] com.aionemu.gameserver.spawnengine.SpawnEngine - Spawned 776 objects in WorldMapInstance 400050000 [1]
2026-09-27T22:07:51,132+03:00 INFO  [ForkJoinPool.commonPool-worker-3] com.aionemu.gameserver.spawnengine.SpawnEngine - Spawned 1996 objects in WorldMapInstance 600100000 [1]
2026-09-27T22:07:51,134+03:00 INFO  [ForkJoinPool.commonPool-worker-5] com.aionemu.gameserver.spawnengine.SpawnEngine - Spawned 1791 objects in WorldMapInstance 700010000 [1]
2026-09-27T22:07:51,137+03:00 INFO  [ForkJoinPool.commonPool-worker-2] com.aionemu.gameserver.spawnengine.SpawnEngine - Spawned 2846 objects in WorldMapInstance 210030000 [1]
2026-09-27T22:07:51,202+03:00 INFO  [ForkJoinPool.commonPool-worker-1] com.aionemu.gameserver.spawnengine.SpawnEngine - Spawned 4439 objects in WorldMapInstance 400010000 [1]
2026-09-27T22:07:51,223+03:00 INFO  [ForkJoinPool.commonPool-worker-1] com.aionemu.gameserver.spawnengine.SpawnEngine - Spawned 623 objects in WorldMapInstance 400020000 [1]
2026-09-27T22:07:51,249+03:00 INFO  [ForkJoinPool.commonPool-worker-9] com.aionemu.gameserver.spawnengine.SpawnEngine - Spawned 8425 objects in WorldMapInstance 220040000 [1]
2026-09-27T22:07:51,250+03:00 INFO  [ForkJoinPool.commonPool-worker-10] com.aionemu.gameserver.spawnengine.SpawnEngine - Spawned 7429 objects in WorldMapInstance 220070000 [1]
2026-09-27T22:07:51,253+03:00 INFO  [ForkJoinPool.commonPool-worker-11] com.aionemu.gameserver.spawnengine.SpawnEngine - Spawned 6207 objects in WorldMapInstance 210020000 [1]
2026-09-27T22:07:51,254+03:00 INFO  [ForkJoinPool.commonPool-worker-4] com.aionemu.gameserver.spawnengine.SpawnEngine - Spawned 7622 objects in WorldMapInstance 220020000 [1]
2026-09-27T22:07:51,260+03:00 INFO  [main] com.aionemu.gameserver.spawnengine.SpawnEngine - Spawned 7808 objects in WorldMapInstance 210050000 [1]
2026-09-27T22:07:51,260+03:00 INFO  [ForkJoinPool.commonPool-worker-10] com.aionemu.gameserver.services.HousingService - Spawned 6 houses in WorldMapInstance 220070000 [1]
2026-09-27T22:07:51,263+03:00 INFO  [ForkJoinPool.commonPool-worker-9] com.aionemu.gameserver.services.HousingService - Spawned 9 houses in WorldMapInstance 220040000 [1]
2026-09-27T22:07:51,269+03:00 INFO  [main] com.aionemu.gameserver.services.HousingService - Spawned 6 houses in WorldMapInstance 210050000 [1]
2026-09-27T22:07:51,300+03:00 INFO  [ForkJoinPool.commonPool-worker-4] com.aionemu.gameserver.spawnengine.SpawnEngine - Spawned 3132 objects in WorldMapInstance 220030000 [1]
2026-09-27T22:07:51,372+03:00 INFO  [ForkJoinPool.commonPool-worker-2] com.aionemu.gameserver.spawnengine.SpawnEngine - Spawned 7897 objects in WorldMapInstance 210040000 [1]
2026-09-27T22:07:51,417+03:00 INFO  [ForkJoinPool.commonPool-worker-2] com.aionemu.gameserver.services.HousingService - Spawned 9 houses in WorldMapInstance 210040000 [1]
2026-09-27T22:07:51,453+03:00 INFO  [ForkJoinPool.commonPool-worker-9] com.aionemu.gameserver.spawnengine.SpawnEngine - Spawned 8664 objects in WorldMapInstance 220050000 [1]
2026-09-27T22:07:51,457+03:00 INFO  [ForkJoinPool.commonPool-worker-10] com.aionemu.gameserver.spawnengine.SpawnEngine - Spawned 6296 objects in WorldMapInstance 220080000 [1]
2026-09-27T22:07:51,459+03:00 INFO  [main] com.aionemu.gameserver.spawnengine.SpawnEngine - Spawned 7905 objects in WorldMapInstance 210060000 [1]
2026-09-27T22:07:51,459+03:00 INFO  [ForkJoinPool.commonPool-worker-10] com.aionemu.gameserver.spawnengine.SpawnEngine - Spawned 1 objects in WorldMapInstance 220090000 [1]
2026-09-27T22:07:51,494+03:00 INFO  [main] com.aionemu.gameserver.spawnengine.SpawnEngine - Spawned 5119 objects in WorldMapInstance 210070000 [1]
2026-09-27T22:07:51,589+03:00 INFO  [ForkJoinPool.commonPool-worker-2] com.aionemu.gameserver.taskmanager.AbstractPeriodicTaskManager - ZoneUpdateService initialized.
2026-09-27T22:07:51,805+03:00 INFO  [ForkJoinPool.commonPool-worker-5] com.aionemu.gameserver.services.HousingService - Spawned 500 houses in WorldMapInstance 700010000 [1]
2026-09-27T22:07:51,813+03:00 INFO  [ForkJoinPool.commonPool-worker-5] com.aionemu.gameserver.spawnengine.SpawnEngine - Spawned 1564 objects in WorldMapInstance 710010000 [1]
2026-09-27T22:07:51,998+03:00 INFO  [ForkJoinPool.commonPool-worker-5] com.aionemu.gameserver.services.HousingService - Spawned 500 houses in WorldMapInstance 710010000 [1]
2026-09-27T22:07:52,015+03:00 INFO  [main] com.aionemu.gameserver.spawnengine.SpawnEngine - Loaded 84049 npc spawns
2026-09-27T22:07:52,015+03:00 INFO  [main] com.aionemu.gameserver.spawnengine.SpawnEngine - Loaded 18432 gatherable spawns
2026-09-27T22:07:52,024+03:00 INFO  [main] com.aionemu.gameserver.services.TownService - Loaded 25 elyos towns.
2026-09-27T22:07:52,025+03:00 INFO  [main] com.aionemu.gameserver.services.TownService - Loaded 25 asmodian towns.
2026-09-27T22:07:52,305+03:00 INFO  [main] com.aionemu.gameserver.services.LimitedItemTradeService - Scheduled Limited Items based on cron expression size: 326
2026-09-27T22:07:52,374+03:00 INFO  [main] com.aionemu.gameserver.services.AnnouncementService - Loaded 0 announcements
2026-09-27T22:07:52,375+03:00 INFO  [main] com.aionemu.gameserver.services.DebugService - DebugService started. Analyze interval: 1800000
2026-09-27T22:07:52,378+03:00 INFO  [main] EXCHANGE_LOG - Loading broker...
2026-09-27T22:08:04,170+03:00 INFO  [main] EXCHANGE_LOG - Broker loaded with 84064 broker items, 0 settled items.
2026-09-27T22:08:04,171+03:00 INFO  [main] com.aionemu.gameserver.taskmanager.AbstractPeriodicTaskManager - BrokerPeriodicTaskManager initialized.
2026-09-27T22:08:05,057+03:00 INFO  [main] com.aionemu.gameserver.services.custom.AuctionHouseSimulator - Broker market catalog for ELYOS: 41908 eligible, 41908 displayable, 0 without a broker mask
2026-09-27T22:08:05,058+03:00 INFO  [main] com.aionemu.gameserver.services.custom.AuctionHouseSimulator - Broker market: 41908 eligible templates for ELYOS, 3 seller characters
2026-09-27T22:08:05,852+03:00 INFO  [main] com.aionemu.gameserver.services.custom.AuctionHouseSimulator - Broker market catalog for ASMODIANS: 42159 eligible, 42159 displayable, 0 without a broker mask
2026-09-27T22:08:05,852+03:00 INFO  [main] com.aionemu.gameserver.services.custom.AuctionHouseSimulator - Broker market: 42159 eligible templates for ASMODIANS, 3 seller characters
2026-09-27T22:08:05,871+03:00 INFO  [main] com.aionemu.gameserver.cache.HTMLCache - Cache[HTML]: Caching started... OK.
2026-09-27T22:08:05,871+03:00 INFO  [main] com.aionemu.gameserver.cache.HTMLCache - Cache[HTML]: Using cache file... OK.
2026-09-27T22:08:05,881+03:00 INFO  [main] com.aionemu.gameserver.cache.HTMLCache - Cache[HTML]: 3.389 kilobytes on 6 file(s) loaded.
2026-09-27T22:08:05,882+03:00 INFO  [main] com.aionemu.gameserver.cache.HTMLCache - Cache[HTML]: Compaction skipped!
2026-09-27T22:08:05,892+03:00 INFO  [main] com.aionemu.gameserver.services.abyss.AbyssRankUpdateService - Scheduling ranking update task based on cron expression: 0 0 0 ? * *
2026-09-27T22:08:05,893+03:00 INFO  [main] com.aionemu.gameserver.services.abyss.AbyssRankUpdateService - Scheduling daily GP loss task based on cron expression: 0 0 12 ? * *
2026-09-27T22:08:05,902+03:00 INFO  [main] com.aionemu.gameserver.services.instance.PeriodicInstanceManager - Scheduled registration opening for BARANATH_DREDGION based on cron expression: 0 0 0,12,20 ? * *
2026-09-27T22:08:05,904+03:00 INFO  [main] com.aionemu.gameserver.services.instance.PeriodicInstanceManager - Scheduled BARANATH_DREDGION: based on cron expression: 0 0 0,12,20 ? * * Duration: 60 in minutes
2026-09-27T22:08:05,905+03:00 INFO  [main] com.aionemu.gameserver.services.instance.PeriodicInstanceManager - Scheduled registration opening for CHANTRA_DREDGION based on cron expression: 0 0 0,12,20 ? * *
2026-09-27T22:08:05,905+03:00 INFO  [main] com.aionemu.gameserver.services.instance.PeriodicInstanceManager - Scheduled CHANTRA_DREDGION: based on cron expression: 0 0 0,12,20 ? * * Duration: 60 in minutes
2026-09-27T22:08:05,905+03:00 INFO  [main] com.aionemu.gameserver.services.instance.PeriodicInstanceManager - Scheduled registration opening for TERATH_DREDGION based on cron expression: 0 0 0,12,20 ? * *
2026-09-27T22:08:05,906+03:00 INFO  [main] com.aionemu.gameserver.services.instance.PeriodicInstanceManager - Scheduled TERATH_DREDGION: based on cron expression: 0 0 0,12,20 ? * * Duration: 60 in minutes
2026-09-27T22:08:05,906+03:00 INFO  [main] com.aionemu.gameserver.services.instance.PeriodicInstanceManager - Scheduled registration opening for KAMAR_BATTLEFIELD based on cron expression: 0 0 0,20 ? * MON,WED,SAT
2026-09-27T22:08:05,906+03:00 INFO  [main] com.aionemu.gameserver.services.instance.PeriodicInstanceManager - Scheduled KAMAR_BATTLEFIELD: based on cron expression: 0 0 0,20 ? * MON,WED,SAT Duration: 60 in minutes
2026-09-27T22:08:05,907+03:00 INFO  [main] com.aionemu.gameserver.services.instance.PeriodicInstanceManager - Scheduled registration opening for ENGULFED_OPHIDIAN_BRIDGE based on cron expression: 0 0 12,19 ? * *
2026-09-27T22:08:05,907+03:00 INFO  [main] com.aionemu.gameserver.services.instance.PeriodicInstanceManager - Scheduled ENGULFED_OPHIDIAN_BRIDGE: based on cron expression: 0 0 12,19 ? * * Duration: 60 in minutes
2026-09-27T22:08:05,907+03:00 INFO  [main] com.aionemu.gameserver.services.instance.PeriodicInstanceManager - Scheduled registration opening for IRON_WALL_WARFRONT based on cron expression: 0 0 0,12 ? * SUN
2026-09-27T22:08:05,907+03:00 INFO  [main] com.aionemu.gameserver.services.instance.PeriodicInstanceManager - Scheduled IRON_WALL_WARFRONT: based on cron expression: 0 0 0,12 ? * SUN Duration: 60 in minutes
2026-09-27T22:08:05,908+03:00 INFO  [main] com.aionemu.gameserver.services.instance.PeriodicInstanceManager - Scheduled registration opening for IDGEL_DOME based on cron expression: 0 0 23 ? * *
2026-09-27T22:08:05,908+03:00 INFO  [main] com.aionemu.gameserver.services.instance.PeriodicInstanceManager - Scheduled IDGEL_DOME: based on cron expression: 0 0 23 ? * * Duration: 60 in minutes
2026-09-27T22:08:05,929+03:00 INFO  [main] com.aionemu.gameserver.services.event.Event - Started event: Beyond Aion Server Buffs
2026-09-27T22:08:05,931+03:00 INFO  [main] com.aionemu.gameserver.services.AdminService - AdminService loaded 2 operational items.
2026-09-27T22:08:05,935+03:00 INFO  [main] com.aionemu.gameserver.services.transfers.PlayerTransferService - PlayerTransferService loaded. With 0 restricted skills.
2026-09-27T22:08:05,936+03:00 INFO  [main] com.aionemu.gameserver.services.GameTimeService - GameTime started. Update interval: 180s
2026-09-27T22:08:05,940+03:00 INFO  [main] com.aionemu.gameserver.spawnengine.StaticDoorSpawnManager - Spawned 4 static doors in WorldMapInstance 301220000 [2]
2026-09-27T22:08:05,945+03:00 INFO  [main] com.aionemu.gameserver.services.instance.InstanceService - Created new instance: 301220000 [2] owner:0 difficultyId:0
2026-09-27T22:08:05,989+03:00 INFO  [main] com.aionemu.gameserver.services.MarketplaceService - Private marketplace listening at http://127.0.0.1:8091/shop (1084 offers)
2026-09-27T22:08:06,259+03:00 INFO  [main] com.aionemu.commons.utils.info.VersionInfo -     commons-4.8-SNAPSHOT.jar revision 4617c9f (4.8) built on 2026-09-27 09:28 for Java 25
2026-09-27T22:08:06,260+03:00 INFO  [main] com.aionemu.commons.utils.info.VersionInfo - game-server-4.8-SNAPSHOT.jar revision ebce686-DIRTY (4.8) built on 2026-09-27 21:51 for Java 25
2026-09-27T22:08:06,264+03:00 INFO  [main] com.aionemu.commons.utils.info.SystemInfo - OS:  Windows 11 (amd64) version 10.0
2026-09-27T22:08:06,264+03:00 INFO  [main] com.aionemu.commons.utils.info.SystemInfo - JVM: OpenJDK 64-Bit Server VM version 25.0.1+8-LTS (2025-10-21)
2026-09-27T22:08:06,265+03:00 INFO  [main] com.aionemu.commons.utils.info.SystemInfo - JVM available CPUs:     12
2026-09-27T22:08:06,265+03:00 INFO  [main] com.aionemu.commons.utils.info.SystemInfo - Max. memory allowed: 2,560 MiB
2026-09-27T22:08:06,265+03:00 INFO  [main] com.aionemu.commons.utils.info.SystemInfo - ├ Allocated memory:  1,438 MiB  (56 %)
2026-09-27T22:08:06,266+03:00 INFO  [main] com.aionemu.commons.utils.info.SystemInfo - └ Used memory:         795 MiB  (31 %)
2026-09-27T22:08:06,281+03:00 INFO  [main] com.aionemu.commons.network.NioServer - Listening on all addresses on port 7777 for Aion game clients
2026-09-27T22:08:06,283+03:00 INFO  [main] com.aionemu.gameserver.GameServer - Game server started in 32 seconds.
2026-09-27T22:08:06,290+03:00 INFO  [main] com.aionemu.gameserver.network.loginserver.LoginServerConnection - Connected to login server
2026-09-27T22:08:06,295+03:00 INFO  [main] com.aionemu.gameserver.network.chatserver.ChatServerConnection - Connected to chat server
2026-09-27T22:08:06,299+03:00 INFO  [ReadWrite-0 Dispatcher] com.aionemu.gameserver.network.BannedMacManager - Loaded 0 banned mac addresses
2026-09-27T22:08:06,301+03:00 INFO  [InstantPool-4] com.aionemu.gameserver.network.loginserver.clientpackets.CM_HDD_BANLIST - Loaded 0 HDD ban entries.
2026-09-27T22:08:06,952+03:00 INFO  [pool-1-thread-8] com.aionemu.gameserver.services.custom.AuctionHouseSimulator - Broker market added 7 listings for ELYOS; active listings: 41912 of 41908 catalog items
2026-09-27T22:08:06,991+03:00 INFO  [pool-1-thread-8] com.aionemu.gameserver.services.custom.AuctionHouseSimulator - Broker market is stocked; next refill check in 51 minutes
2026-09-27T22:11:05,953+03:00 INFO  [pool-1-thread-12] com.aionemu.gameserver.services.GameTimeService - Sending current game time to all players
2026-09-27T22:11:05,954+03:00 INFO  [pool-1-thread-12] com.aionemu.gameserver.services.GameTimeService - Game time saved...
2026-09-27T22:11:16,796+03:00 INFO  [InstantPool-9] com.aionemu.gameserver.network.aion.AionConnection - Client disconnected: AionConnection [state=CONNECTED, account=null, activePlayer=null, macAddress=null, getIP()=40.74.212.22]
2026-09-27T22:11:17,108+03:00 INFO  [InstantPool-10] com.aionemu.gameserver.network.aion.AionConnection - Client disconnected: AionConnection [state=CONNECTED, account=null, activePlayer=null, macAddress=null, getIP()=40.74.212.22]
2026-09-27T22:11:21,911+03:00 INFO  [InstantPool-1] com.aionemu.gameserver.network.loginserver.LoginServer - Account [id=1, name=AngelShade] authed with MAC: B4-2E-99-CB-64-E9 and HDD serial: 0000_0000_0100_0
2026-09-27T22:11:22,810+03:00 INFO  [PacketProcessor:1] com.aionemu.gameserver.taskmanager.AbstractPeriodicTaskManager - ExpireTimerTask initialized.
2026-09-27T22:11:22,907+03:00 INFO  [PacketProcessor:1] GAMECONNECTION_LOG - Player Baby (Account [id=1, name=AngelShade]) logged on
2026-09-27T22:11:24,968+03:00 INFO  [pool-1-thread-6] com.aionemu.gameserver.services.SurveyService - [SurveyController] update task start.
2026-09-27T22:11:26,040+03:00 INFO  [PacketProcessor:1] com.aionemu.gameserver.taskmanager.AbstractPeriodicTaskManager - PlayerMoveTaskManager initialized.
2026-09-27T22:12:53,688+03:00 INFO  [InstantPool-2] com.aionemu.gameserver.services.MarketplaceService - Marketplace: Player [id=9403, name=Baby] bought item 110900218 x1 for 125000 Kinah
2026-09-27T22:14:05,941+03:00 INFO  [pool-1-thread-7] com.aionemu.gameserver.services.GameTimeService - Sending current game time to all players
2026-09-27T22:14:05,942+03:00 INFO  [pool-1-thread-7] com.aionemu.gameserver.services.GameTimeService - Game time saved...
2026-09-27T22:15:41,227+03:00 INFO  [InstantPool-2] com.aionemu.gameserver.services.MarketplaceService - Marketplace: Player [id=9403, name=Baby] bought item 169000003 x500 for 5000 Kinah
2026-09-27T22:16:46,870+03:00 INFO  [PacketProcessor:0] com.aionemu.gameserver.services.DuelService - DuelService started.
2026-09-27T22:17:05,943+03:00 INFO  [pool-1-thread-3] com.aionemu.gameserver.services.GameTimeService - Sending current game time to all players
2026-09-27T22:17:05,950+03:00 INFO  [pool-1-thread-3] com.aionemu.gameserver.services.GameTimeService - Game time saved...
2026-09-27T22:20:05,947+03:00 INFO  [pool-1-thread-4] com.aionemu.gameserver.services.GameTimeService - Sending current game time to all players
2026-09-27T22:20:05,948+03:00 INFO  [pool-1-thread-4] com.aionemu.gameserver.services.GameTimeService - Game time saved...
2026-09-27T22:23:05,943+03:00 INFO  [pool-1-thread-11] com.aionemu.gameserver.services.GameTimeService - Sending current game time to all players
2026-09-27T22:23:05,949+03:00 INFO  [pool-1-thread-11] com.aionemu.gameserver.services.GameTimeService - Game time saved...
2026-09-27T22:26:05,955+03:00 INFO  [pool-1-thread-5] com.aionemu.gameserver.services.GameTimeService - Sending current game time to all players
2026-09-27T22:26:05,956+03:00 INFO  [pool-1-thread-5] com.aionemu.gameserver.services.GameTimeService - Game time saved...
2026-09-27T22:28:05,877+03:00 INFO  [pool-1-thread-8] com.aionemu.gameserver.services.PeriodicSaveService - Legion WH update task started.
2026-09-27T22:28:05,879+03:00 INFO  [pool-1-thread-8] com.aionemu.gameserver.services.PeriodicSaveService - Legion WH update: 0 ms, legions: 0.
2026-09-27T22:29:05,960+03:00 INFO  [pool-1-thread-11] com.aionemu.gameserver.services.GameTimeService - Sending current game time to all players
2026-09-27T22:29:05,961+03:00 INFO  [pool-1-thread-11] com.aionemu.gameserver.services.GameTimeService - Game time saved...
2026-09-27T22:31:24,978+03:00 INFO  [pool-1-thread-9] com.aionemu.gameserver.services.SurveyService - [SurveyController] update task start.
2026-09-27T22:32:05,957+03:00 INFO  [pool-1-thread-8] com.aionemu.gameserver.services.GameTimeService - Sending current game time to all players
2026-09-27T22:32:05,958+03:00 INFO  [pool-1-thread-8] com.aionemu.gameserver.services.GameTimeService - Game time saved...
2026-09-27T22:35:05,953+03:00 INFO  [pool-1-thread-6] com.aionemu.gameserver.services.GameTimeService - Sending current game time to all players
2026-09-27T22:35:05,960+03:00 INFO  [pool-1-thread-6] com.aionemu.gameserver.services.GameTimeService - Game time saved...
2026-09-27T22:35:13,787+03:00 INFO  [InstantPool-9] com.aionemu.gameserver.network.aion.AionConnection - Client disconnected: AionConnection [state=CONNECTED, account=null, activePlayer=null, macAddress=null, getIP()=89.248.172.12]
2026-09-27T22:37:52,400+03:00 INFO  [pool-1-thread-1] com.aionemu.gameserver.services.DebugService - Starting analysis of world players
2026-09-27T22:37:52,400+03:00 INFO  [pool-1-thread-1] com.aionemu.gameserver.services.DebugService - Analysis of world players finished
2026-09-27T22:38:05,962+03:00 INFO  [pool-1-thread-10] com.aionemu.gameserver.services.GameTimeService - Sending current game time to all players
2026-09-27T22:38:05,964+03:00 INFO  [pool-1-thread-10] com.aionemu.gameserver.services.GameTimeService - Game time saved...
2026-09-27T22:41:05,956+03:00 INFO  [pool-1-thread-8] com.aionemu.gameserver.services.GameTimeService - Sending current game time to all players
2026-09-27T22:41:05,958+03:00 INFO  [pool-1-thread-8] com.aionemu.gameserver.services.GameTimeService - Game time saved...
2026-09-27T22:44:05,956+03:00 INFO  [pool-1-thread-5] com.aionemu.gameserver.services.GameTimeService - Sending current game time to all players
2026-09-27T22:44:05,957+03:00 INFO  [pool-1-thread-5] com.aionemu.gameserver.services.GameTimeService - Game time saved...
2026-09-27T22:47:05,961+03:00 INFO  [pool-1-thread-6] com.aionemu.gameserver.services.GameTimeService - Sending current game time to all players
2026-09-27T22:47:05,962+03:00 INFO  [pool-1-thread-6] com.aionemu.gameserver.services.GameTimeService - Game time saved...
2026-09-27T22:48:05,883+03:00 INFO  [pool-1-thread-8] com.aionemu.gameserver.services.PeriodicSaveService - Legion WH update task started.
2026-09-27T22:48:05,883+03:00 INFO  [pool-1-thread-8] com.aionemu.gameserver.services.PeriodicSaveService - Legion WH update: 0 ms, legions: 0.
2026-09-27T22:50:05,952+03:00 INFO  [pool-1-thread-6] com.aionemu.gameserver.services.GameTimeService - Sending current game time to all players
2026-09-27T22:50:05,953+03:00 INFO  [pool-1-thread-6] com.aionemu.gameserver.services.GameTimeService - Game time saved...
2026-09-27T22:50:41,103+03:00 INFO  [InstantPool-9] com.aionemu.gameserver.services.MarketplaceService - Marketplace: Player [id=9403, name=Baby] bought item 162000030 x5 for 15000 Kinah
2026-09-27T22:51:24,985+03:00 INFO  [pool-1-thread-2] com.aionemu.gameserver.services.SurveyService - [SurveyController] update task start.
2026-09-27T22:53:05,961+03:00 INFO  [pool-1-thread-10] com.aionemu.gameserver.services.GameTimeService - Sending current game time to all players
2026-09-27T22:53:05,967+03:00 INFO  [pool-1-thread-10] com.aionemu.gameserver.services.GameTimeService - Game time saved...
2026-09-27T22:53:26,459+03:00 INFO  [InstantPool-1] com.aionemu.gameserver.network.aion.AionConnection - Client disconnected: AionConnection [state=CONNECTED, account=null, activePlayer=null, macAddress=null, getIP()=47.84.131.200]
2026-09-27T22:53:39,642+03:00 INFO  [InstantPool-7] com.aionemu.gameserver.network.aion.AionConnection - Client disconnected: AionConnection [state=CONNECTED, account=null, activePlayer=null, macAddress=null, getIP()=47.84.131.200]
2026-09-27T22:53:52,819+03:00 INFO  [InstantPool-3] com.aionemu.gameserver.network.aion.AionConnection - Client disconnected: AionConnection [state=CONNECTED, account=null, activePlayer=null, macAddress=null, getIP()=47.84.131.200]
2026-09-27T22:54:05,993+03:00 INFO  [InstantPool-12] com.aionemu.gameserver.network.aion.AionConnection - Client disconnected: AionConnection [state=CONNECTED, account=null, activePlayer=null, macAddress=null, getIP()=47.84.131.200]
2026-09-27T22:54:19,190+03:00 INFO  [InstantPool-7] com.aionemu.gameserver.network.aion.AionConnection - Client disconnected: AionConnection [state=CONNECTED, account=null, activePlayer=null, macAddress=null, getIP()=47.84.131.200]
2026-09-27T22:54:32,370+03:00 INFO  [InstantPool-10] com.aionemu.gameserver.network.aion.AionConnection - Client disconnected: AionConnection [state=CONNECTED, account=null, activePlayer=null, macAddress=null, getIP()=47.84.131.200]
2026-09-27T22:56:05,966+03:00 INFO  [pool-1-thread-2] com.aionemu.gameserver.services.GameTimeService - Sending current game time to all players
2026-09-27T22:56:05,967+03:00 INFO  [pool-1-thread-2] com.aionemu.gameserver.services.GameTimeService - Game time saved...
2026-09-27T22:59:05,965+03:00 INFO  [pool-1-thread-12] com.aionemu.gameserver.services.GameTimeService - Sending current game time to all players
2026-09-27T22:59:05,972+03:00 INFO  [pool-1-thread-12] com.aionemu.gameserver.services.GameTimeService - Game time saved...
2026-09-27T22:59:07,085+03:00 INFO  [pool-1-thread-6] com.aionemu.gameserver.services.custom.AuctionHouseSimulator - Broker market is stocked; next refill check in 38 minutes
2026-09-27T23:00:00,006+03:00 INFO  [InstantPool-1] com.aionemu.gameserver.services.instance.PeriodicInstanceManager - Scheduled registration closing for IDGEL_DOME in 60 minutes
2026-09-27T23:00:00,019+03:00 INFO  [InstantPool-6] com.aionemu.gameserver.services.rift.RiftManager - Rift opened: GELKMAROS_AM, spawned 0 Npcs (guards=false).
2026-09-27T23:00:00,019+03:00 INFO  [InstantPool-9] com.aionemu.gameserver.services.rift.RiftManager - Rift opened: HEIRON_AM, spawned 0 Npcs (guards=false).
2026-09-27T23:00:00,019+03:00 INFO  [InstantPool-4] com.aionemu.gameserver.services.rift.RiftManager - Rift opened: MORHEIM_CM, spawned 0 Npcs (guards=false).
2026-09-27T23:00:00,019+03:00 INFO  [InstantPool-2] com.aionemu.gameserver.services.rift.RiftManager - Rift opened: ELTNEN_CM, spawned 0 Npcs (guards=false).
2026-09-27T23:00:00,019+03:00 INFO  [InstantPool-6] com.aionemu.gameserver.services.rift.RiftManager - Rift opened: GELKMAROS_BM, spawned 0 Npcs (guards=false).
2026-09-27T23:00:00,020+03:00 INFO  [InstantPool-9] com.aionemu.gameserver.services.rift.RiftManager - Rift opened: HEIRON_DM, spawned 0 Npcs (guards=false).
2026-09-27T23:00:00,020+03:00 INFO  [InstantPool-3] com.aionemu.gameserver.services.rift.RiftManager - Rift opened: ENSHAR_DM, spawned 0 Npcs (guards=false).
2026-09-27T23:00:00,020+03:00 INFO  [InstantPool-6] com.aionemu.gameserver.services.rift.RiftManager - Rift opened: GELKMAROS_CM, spawned 0 Npcs (guards=false).
2026-09-27T23:00:00,022+03:00 INFO  [InstantPool-3] com.aionemu.gameserver.services.rift.RiftManager - Rift opened: ENSHAR_EM, spawned 0 Npcs (guards=false).
2026-09-27T23:00:00,021+03:00 INFO  [InstantPool-10] com.aionemu.gameserver.services.rift.RiftManager - Rift opened: CYGNEA_BM, spawned 0 Npcs (guards=false).
2026-09-27T23:00:00,024+03:00 INFO  [InstantPool-10] com.aionemu.gameserver.services.rift.RiftManager - Rift opened: CYGNEA_CM, spawned 0 Npcs (guards=false).
2026-09-27T23:00:00,025+03:00 INFO  [InstantPool-10] com.aionemu.gameserver.services.rift.RiftManager - Rift opened: CYGNEA_FM, spawned 0 Npcs (guards=false).
2026-09-27T23:00:00,028+03:00 INFO  [InstantPool-11] com.aionemu.gameserver.services.rift.RiftManager - Rift opened: INGGISON_AM, spawned 0 Npcs (guards=false).
2026-09-27T23:00:00,031+03:00 INFO  [InstantPool-11] com.aionemu.gameserver.services.rift.RiftManager - Rift opened: INGGISON_BM, spawned 0 Npcs (guards=false).
2026-09-27T23:02:05,964+03:00 INFO  [pool-1-thread-12] com.aionemu.gameserver.services.GameTimeService - Sending current game time to all players
2026-09-27T23:02:05,965+03:00 INFO  [pool-1-thread-12] com.aionemu.gameserver.services.GameTimeService - Game time saved...
2026-09-27T23:05:05,961+03:00 INFO  [pool-1-thread-9] com.aionemu.gameserver.services.GameTimeService - Sending current game time to all players
2026-09-27T23:05:05,968+03:00 INFO  [pool-1-thread-9] com.aionemu.gameserver.services.GameTimeService - Game time saved...
2026-09-27T23:07:52,402+03:00 INFO  [pool-1-thread-11] com.aionemu.gameserver.services.DebugService - Starting analysis of world players
2026-09-27T23:07:52,402+03:00 INFO  [pool-1-thread-11] com.aionemu.gameserver.services.DebugService - Analysis of world players finished
2026-09-27T23:08:05,888+03:00 INFO  [pool-1-thread-8] com.aionemu.gameserver.services.PeriodicSaveService - Legion WH update task started.
2026-09-27T23:08:05,888+03:00 INFO  [pool-1-thread-8] com.aionemu.gameserver.services.PeriodicSaveService - Legion WH update: 0 ms, legions: 0.
2026-09-27T23:08:05,965+03:00 INFO  [pool-1-thread-12] com.aionemu.gameserver.services.GameTimeService - Sending current game time to all players
2026-09-27T23:08:05,966+03:00 INFO  [pool-1-thread-12] com.aionemu.gameserver.services.GameTimeService - Game time saved...
2026-09-27T23:11:05,958+03:00 INFO  [pool-1-thread-6] com.aionemu.gameserver.services.GameTimeService - Sending current game time to all players
2026-09-27T23:11:05,959+03:00 INFO  [pool-1-thread-6] com.aionemu.gameserver.services.GameTimeService - Game time saved...
2026-09-27T23:11:24,983+03:00 INFO  [pool-1-thread-8] com.aionemu.gameserver.services.SurveyService - [SurveyController] update task start.
2026-09-27T23:14:05,958+03:00 INFO  [pool-1-thread-8] com.aionemu.gameserver.services.GameTimeService - Sending current game time to all players
2026-09-27T23:14:05,959+03:00 INFO  [pool-1-thread-8] com.aionemu.gameserver.services.GameTimeService - Game time saved...
2026-09-27T23:17:05,962+03:00 INFO  [pool-1-thread-11] com.aionemu.gameserver.services.GameTimeService - Sending current game time to all players
2026-09-27T23:17:05,968+03:00 INFO  [pool-1-thread-11] com.aionemu.gameserver.services.GameTimeService - Game time saved...
2026-09-27T23:20:05,965+03:00 INFO  [pool-1-thread-11] com.aionemu.gameserver.services.GameTimeService - Sending current game time to all players
2026-09-27T23:20:05,966+03:00 INFO  [pool-1-thread-11] com.aionemu.gameserver.services.GameTimeService - Game time saved...
2026-09-27T23:23:05,968+03:00 INFO  [pool-1-thread-2] com.aionemu.gameserver.services.GameTimeService - Sending current game time to all players
2026-09-27T23:23:05,976+03:00 INFO  [pool-1-thread-2] com.aionemu.gameserver.services.GameTimeService - Game time saved...
