2026-09-27T22:07:47,145+03:00 com.aionemu.gameserver.dataholders.TradeListData - Missing trade lists for these npcs: [205832, 205833, 205854, 205855, 205875, 205876, 205877, 798088, 798089, 798091, 800588, 800589, 800592, 800593, 800594, 800595, 800600, 800610, 800611, 800612, 800613, 800615, 800616, 800617, 800618, 800623, 800700, 800701, 800702, 800705, 800706, 800707, 800710, 800711, 800712, 800715, 800716, 800717, 800720, 800724, 800727, 800731, 800785, 800788, 801416, 801417, 801430, 801431, 801970, 801971, 802211, 802212, 802391, 802392, 802401, 802402, 831360, 831369, 832009, 832010]
2026-09-27T22:07:47,155+03:00 com.aionemu.gameserver.dataholders.TradeListData - Missing trade-in lists for these npcs: [800371, 800372, 800417, 801494, 801495]
2026-09-27T22:07:47,160+03:00 com.aionemu.gameserver.dataholders.SkillData - Missing motion times for these motion names: "sumrobot" (skill id 2767), "quest_drinkpoint" (skill id 10433), "pr_root_g3" (skill id 10577), "cash_social_diving" (skill id 10591), "areaatklf" (skill id 16956), "areaatkrf" (skill id 16957), "normalfireth" (skill id 16958), "normalfiremo" (skill id 16959), "pointfirerh" (skill id 16960), "pointfirelh" (skill id 16961), "areaatkrh" (skill id 16962), "areaatklh" (skill id 16973), "normalfirehd" (skill id 16974), "areafireod" (skill id 16975), "phburst1" (skill id 17996), "movingatk" (skill id 18229), "sanctuaryfire" (skill id 18532), "poweratk2" (skill id 18661), "areaatk2" (skill id 18663), "normalfire3" (skill id 19177), "normalfire4" (skill id 19178), "sanctin" (skill id 19186), "sanctout" (skill id 19187), "normalfire5" (skill id 19200), "sanctuary" (skill id 19356), "talk" (skill id 19357), "poweratk1" (skill id 19499), "areafire1" (skill id 19501), "normalfire1" (skill id 19524), "backatk" (skill id 19563), "say" (skill id 19693), "transform" (skill id 19694), "summon1" (skill id 19720), "rangeatk" (skill id 20459), "poweratk3" (skill id 20492), "teleport" (skill id 20582), "earthquake" (skill id 20717), "spinatk" (skill id 20747), "open" (skill id 20766), "shapechange" (skill id 20919), "breathl" (skill id 20922), "breathm" (skill id 20924), "breathr" (skill id 20926), "deadlyatk" (skill id 20929), "breathl4s" (skill id 21149), "breathl8s" (skill id 21151), "breathm4s" (skill id 21153), "breathm8s" (skill id 21155), "breathr4s" (skill id 21157), "breathr8s" (skill id 21159), "openariel" (skill id 21170), "biteatk" (skill id 21543), "closeariel" (skill id 21556), "chainatk" (skill id 21565), "areafire3" (skill id 21574), "cidle" (skill id 21658), "herb" (skill id 30001), "axe" (skill id 30002), "mine" (skill id 30003)
2026-09-27T22:07:50,791+03:00 com.aionemu.gameserver.questEngine.QuestSpawnAnalyzer - Quest handler analysis finished in 1294 ms. Found 77 missing quest npc spawns:
	Npc 204652 (quests: 2696, 4500)
	Npc 205842 (quests: 19618, 30604)
	Npc 205864 (quests: 29618, 30614)
	Npc 205886 (quests: 19617, 29617)
	Npc 205947 (quests: 30511)
	Npc 205973 (quests: 30513, 30563)
	Npc 206395/206396/206397 (quests: 28737, 28738, 28742, 28743)
	Npc 209474 (quests: 49002)
	Npc 209477/209478 (quests: 39002)
	Npc 216608 (quests: 36504)
	Npc 216609 (quests: 36505)
	Npc 216610 (quests: 36506)
	Npc 216614 (quests: 36510)
	Npc 216615 (quests: 36511)
	Npc 216616 (quests: 36512)
	Npc 216620 (quests: 36516)
	Npc 216624 (quests: 46500)
	Npc 216628 (quests: 46505)
	Npc 216629 (quests: 46511)
	Npc 216640 (quests: 46504)
	Npc 216641 (quests: 46510)
	Npc 216642 (quests: 46516)
	Npc 216643 (quests: 46517)
	Npc 216942 (quests: 30256, 30257, 30258, 30356, 30357, 30358)
	Npc 217599 (quests: 18204, 28204)
	Npc 217609/277068 (quests: 18205, 28205)
	Npc 219240/219241/219242/219243/219244 (quests: 30601, 30611)
	Npc 219255/219256/219257/219258/219259/219260/219261/219262/219267/219268/219271/219286 (quests: 30603, 30613)
	Npc 219555/219563 (quests: 30279, 30379)
	Npc 230744/230745/230749 (quests: 18033, 28033)
	Npc 231305 (quests: 17009, 27009)
	Npc 233544 (quests: 16961, 26961)
	Npc 233565/233566/233567/233568/233569 (quests: 16962, 26962)
	Npc 234190 (quests: 18941, 28941)
	Npc 236231/236234 (quests: 18952, 28952)
	Npc 256197 (quests: 1791)
	Npc 278119 (quests: 2861, 2865)
	Npc 278120 (quests: 2787)
	Npc 278121 (quests: 2786)
	Npc 278123 (quests: 2860)
	Npc 700434/700436 (quests: 4094)
	Npc 700539/700541/700542/700543/700544 (quests: 3907, 4911)
	Npc 700621/700622/700623 (quests: 11211)
	Npc 700624/700625/700626 (quests: 11216)
	Npc 700863 (quests: 30262, 30362)
	Npc 700930 (quests: 21248)
	Npc 701587 (quests: 30281, 30381)
	Npc 701795 (quests: 16921, 26921)
	Npc 702757 (quests: 46530)
	Npc 702769 (quests: 18953, 28953)
	Npc 798301 (quests: 9548, 9549)
	Npc 799531 (quests: 19615, 29615)
	Npc 800066 (quests: 19619)
	Npc 800070 (quests: 29619)
	Npc 800165 (quests: 30061, 30276, 39000)
	Npc 800170 (quests: 30161, 30376, 49000)
	Npc 800958 (quests: 13800)
	Npc 800980 (quests: 23800)
	Npc 801032/801033 (quests: 1230, 1231)
	Npc 801189 (quests: 16904)
	Npc 801193 (quests: 26904)
	Npc 801541 (quests: 16930)
	Npc 801543 (quests: 16990)
	Npc 801545 (quests: 26930)
	Npc 801547 (quests: 26990)
	Npc 802026 (quests: 26979)
	Npc 802048 (quests: 16990, 16991, 16992)
	Npc 802049 (quests: 26990, 26991, 26992)
	Npc 802383 (quests: 18940, 18941)
	Npc 802384 (quests: 28940, 28941)
	Npc 802610 (quests: 13714)
	Npc 804613 (quests: 19626, 19627)
	Npc 804614 (quests: 29626, 29627)
	Npc 810017/810018/810019/810020/810021 (quests: 18827, 18829, 18831)
	Npc 810022/810023/810024/810025/810026 (quests: 28827, 28829, 28831)
	Npc 831924 (quests: 9562, 9563)
	Npc 831926 (quests: 9564, 9565)
