18:46:20 [34mINFO [0;39m [1;30m[main][0;39m - Loading default configuration values from: ./config/administration/*
18:46:20 [34mINFO [0;39m [1;30m[main][0;39m - Loading default configuration values from: ./config/main/*
18:46:20 [34mINFO [0;39m [1;30m[main][0;39m - Loading default configuration values from: ./config/network/*
18:46:20 [34mINFO [0;39m [1;30m[main][0;39m - Loading: ./config/mygs.properties
18:46:20 [34mINFO [0;39m [1;30m[main][0;39m - No IP for Aion client advertisement configured, using 192.168.1.130
18:46:20 [34mINFO [0;39m [1;30m[main][0;39m - HikariPool-1 - Starting...
18:46:21 [34mINFO [0;39m [1;30m[main][0;39m - HikariPool-1 - Added connection com.mysql.cj.jdbc.ConnectionImpl@4df5bcb4
18:46:21 [34mINFO [0;39m [1;30m[main][0;39m - HikariPool-1 - Start completed.
18:46:21 [34mINFO [0;39m [1;30m[main][0;39m - ThreadPoolManager: Initialized with 12 instant, 12 scheduler and 0 long running threads
18:46:21 [34mINFO [0;39m [1;30m[main][0;39m - IDFactory: 114 IDs used.
18:46:21 [34mINFO [0;39m [1;30m[main][0;39m - Preparing static data cache file...
18:46:22 [34mINFO [0;39m [1;30m[main][0;39m - Cache file is up to date
18:46:22 [34mINFO [0;39m [1;30m[main][0;39m - Processing cache file...
18:46:30 [34mINFO [0;39m [1;30m[main][0;39m - Loaded 161 maps
18:46:30 [34mINFO [0;39m [1;30m[main][0;39m - Loaded 35 material ids
18:46:30 [34mINFO [0;39m [1;30m[main][0;39m - Loaded weather for 24 maps
18:46:30 [34mINFO [0;39m [1;30m[main][0;39m - Loaded 66 player experience table entries
18:46:30 [34mINFO [0;39m [1;30m[main][0;39m - Loaded 47 absolute stat templates
18:46:30 [34mINFO [0;39m [1;30m[main][0;39m - Loaded 1 item cleanup entries
18:46:30 [34mINFO [0;39m [1;30m[main][0;39m - Loaded 102009 item templates
18:46:30 [34mINFO [0;39m [1;30m[main][0;39m - Loaded 539 item bonus templates
18:46:30 [34mINFO [0;39m [1;30m[main][0;39m - Loaded 5139 bonus item group templates and 787 pet food items
18:46:30 [34mINFO [0;39m [1;30m[main][0;39m - Loaded 63287 npc templates
18:46:30 [34mINFO [0;39m [1;30m[main][0;39m - Loaded 174 custom npc drops
18:46:30 [34mINFO [0;39m [1;30m[main][0;39m - Loaded 14 system mail templates
18:46:30 [34mINFO [0;39m [1;30m[main][0;39m - Loaded 3789 npc shout templates
18:46:30 [34mINFO [0;39m [1;30m[main][0;39m - Loaded 218 pet templates and 33 food flavours
18:46:30 [34mINFO [0;39m [1;30m[main][0;39m - Loaded 31 pet doping templates
18:46:30 [34mINFO [0;39m [1;30m[main][0;39m - Loaded 9 pet buffs templates
18:46:30 [34mINFO [0;39m [1;30m[main][0;39m - Loaded 6 initial player templates
18:46:30 [34mINFO [0;39m [1;30m[main][0;39m - Loaded 1987 trade lists
18:46:30 [34mINFO [0;39m [1;30m[main][0;39m - Loaded 249 npc teleporter templates
18:46:30 [34mINFO [0;39m [1;30m[main][0;39m - Loaded 284 teleport locations
18:46:30 [34mINFO [0;39m [1;30m[main][0;39m - Loaded 13570 skill templates
18:46:30 [34mINFO [0;39m [1;30m[main][0;39m - Loaded 163 skill charge entries
18:46:30 [34mINFO [0;39m [1;30m[main][0;39m - Loaded 304 motion times
18:46:30 [34mINFO [0;39m [1;30m[main][0;39m - Loaded 4888 skill learn entries
18:46:30 [34mINFO [0;39m [1;30m[main][0;39m - Loaded 7 cube expand entries
18:46:30 [34mINFO [0;39m [1;30m[main][0;39m - Loaded 254 warehouse expand entries
18:46:30 [34mINFO [0;39m [1;30m[main][0;39m - Loaded 129 bind point entries
18:46:30 [34mINFO [0;39m [1;30m[main][0;39m - Loaded 8043 quest data entries
18:46:30 [34mINFO [0;39m [1;30m[main][0;39m - Loaded 756 gatherable entries
18:46:30 [34mINFO [0;39m [1;30m[main][0;39m - Loaded 300 title entries
18:46:30 [34mINFO [0;39m [1;30m[main][0;39m - Loaded 6449 walker routes
18:46:30 [34mINFO [0;39m [1;30m[main][0;39m - Loaded 12 walker group variants
18:46:30 [34mINFO [0;39m [1;30m[main][0;39m - Loaded 3978 zone entries
18:46:30 [34mINFO [0;39m [1;30m[main][0;39m - Loaded 3239 goodslist entries
18:46:30 [34mINFO [0;39m [1;30m[main][0;39m - Loaded 719 tribe relation entries
18:46:30 [34mINFO [0;39m [1;30m[main][0;39m - Loaded 12494 recipe entries
18:46:30 [34mINFO [0;39m [1;30m[main][0;39m - Loaded 187 chest locations
18:46:30 [34mINFO [0;39m [1;30m[main][0;39m - Loaded 63 static door locations
18:46:30 [34mINFO [0;39m [1;30m[main][0;39m - Loaded 558 item set entries
18:46:30 [34mINFO [0;39m [1;30m[main][0;39m - Loaded 18 npc factions
18:46:30 [34mINFO [0;39m [1;30m[main][0;39m - Loaded 11931 npc skill list entries
18:46:30 [34mINFO [0;39m [1;30m[main][0;39m - Loaded 13 pet skill list entries
18:46:30 [34mINFO [0;39m [1;30m[main][0;39m - Loaded 70 siege location entries
18:46:30 [34mINFO [0;39m [1;30m[main][0;39m - Loaded 2 vortex entries
18:46:30 [34mINFO [0;39m [1;30m[main][0;39m - Loaded 60 rift entries
18:46:30 [34mINFO [0;39m [1;30m[main][0;39m - Loaded 42 base entries
18:46:30 [34mINFO [0;39m [1;30m[main][0;39m - Loaded 74 fly ring entries
18:46:30 [34mINFO [0;39m [1;30m[main][0;39m - Loaded 218 pet entries
18:46:30 [34mINFO [0;39m [1;30m[main][0;39m - Loaded 80 guide entries
18:46:30 [34mINFO [0;39m [1;30m[main][0;39m - Loaded 8 road entries
18:46:30 [34mINFO [0;39m [1;30m[main][0;39m - Loaded 110 instance cooltime entries
18:46:30 [34mINFO [0;39m [1;30m[main][0;39m - Loaded 2483 decomposable items entries
18:46:30 [34mINFO [0;39m [1;30m[main][0;39m - Loaded 75 ai templates
18:46:30 [34mINFO [0;39m [1;30m[main][0;39m - Loaded 208 flypath templates
18:46:30 [34mINFO [0;39m [1;30m[main][0;39m - Loaded 5 windstream entries
18:46:30 [34mINFO [0;39m [1;30m[main][0;39m - Loaded 21 assembled npcs entries
18:46:30 [34mINFO [0;39m [1;30m[main][0;39m - Loaded 366 cosmetic items entries
18:46:30 [34mINFO [0;39m [1;30m[main][0;39m - Loaded 114 auto group entries
18:46:30 [34mINFO [0;39m [1;30m[main][0;39m - Loaded 140 spawn maps entries
18:46:30 [34mINFO [0;39m [1;30m[main][0;39m - Loaded 76 events
18:46:30 [34mINFO [0;39m [1;30m[main][0;39m - Loaded 61 skill panel entries
18:46:30 [34mINFO [0;39m [1;30m[main][0;39m - Loaded 16 instance Buffs entries
18:46:30 [34mINFO [0;39m [1;30m[main][0;39m - Loaded 1511 housing object entries
18:46:30 [34mINFO [0;39m [1;30m[main][0;39m - Loaded 65 ride info entries
18:46:30 [34mINFO [0;39m [1;30m[main][0;39m - Loaded 137 instance exit entries
18:46:30 [34mINFO [0;39m [1;30m[main][0;39m - Loaded 405 portal loc entries
18:46:30 [34mINFO [0;39m [1;30m[main][0;39m - Loaded 466 portal templates2 entries
18:46:30 [34mINFO [0;39m [1;30m[main][0;39m - Loaded 20 housing lands
18:46:30 [34mINFO [0;39m [1;30m[main][0;39m - Loaded 9 house building styles
18:46:30 [34mINFO [0;39m [1;30m[main][0;39m - Loaded 276 house parts
18:46:30 [34mINFO [0;39m [1;30m[main][0;39m - Loaded 3094 house spawns
18:46:30 [34mINFO [0;39m [1;30m[main][0;39m - Loaded 89 assembly items entries
18:46:30 [34mINFO [0;39m [1;30m[main][0;39m - Loaded 122 challenge tasks entries
18:46:30 [34mINFO [0;39m [1;30m[main][0;39m - Loaded 6 conqueror and protector entries
18:46:30 [34mINFO [0;39m [1;30m[main][0;39m - Loaded 2450 town spawns
18:46:30 [34mINFO [0;39m [1;30m[main][0;39m - Loaded 57 temperings
18:46:30 [34mINFO [0;39m [1;30m[main][0;39m - Loaded 44 enchants
18:46:30 [34mINFO [0;39m [1;30m[main][0;39m - Loaded 2196 global drop rules with global drop npc exclusions
18:46:30 [34mINFO [0;39m [1;30m[main][0;39m - Loaded 7 multi return item entries
18:46:30 [34mINFO [0;39m [1;30m[main][0;39m - Loaded 73 hotspot entries
18:46:30 [34mINFO [0;39m [1;30m[main][0;39m - Loaded 1830 item purifications entries
18:46:30 [34mINFO [0;39m [1;30m[main][0;39m - Loaded 4 upgrade arcade entries
18:46:30 [34mINFO [0;39m [1;30m[main][0;39m - Loaded 394 atreian passports
18:46:30 [34mINFO [0;39m [1;30m[main][0;39m - Loaded 48 world raid locations
18:46:30 [34mINFO [0;39m [1;30m[main][0;39m - Loaded 27 kill bounty templates
18:46:30 [34mINFO [0;39m [1;30m[main][0;39m - Loaded 6 legion dominion locations
18:46:30 [34mINFO [0;39m [1;30m[main][0;39m - Loaded 2 skill alias locations
18:46:30 [34mINFO [0;39m [1;30m[main][0;39m - Loaded 4 signet data templates
18:46:30 [31mWARN [0;39m [1;30m[main][0;39m - Missing trade lists for these npcs: [205832, 205833, 205854, 205855, 205875, 205876, 205877, 798088, 798089, 798091, 800588, 800589, 800592, 800593, 800594, 800595, 800600, 800610, 800611, 800612, 800613, 800615, 800616, 800617, 800618, 800623, 800700, 800701, 800702, 800705, 800706, 800707, 800710, 800711, 800712, 800715, 800716, 800717, 800720, 800724, 800727, 800731, 800785, 800788, 801416, 801417, 801430, 801431, 801970, 801971, 802211, 802212, 802391, 802392, 802401, 802402, 831360, 831369, 832009, 832010]
18:46:30 [31mWARN [0;39m [1;30m[main][0;39m - Missing trade-in lists for these npcs: [800371, 800372, 800417, 801494, 801495]
18:46:30 [31mWARN [0;39m [1;30m[main][0;39m - Missing motion times for these motion names: "sumrobot" (skill id 2767), "quest_drinkpoint" (skill id 10433), "pr_root_g3" (skill id 10577), "cash_social_diving" (skill id 10591), "areaatklf" (skill id 16956), "areaatkrf" (skill id 16957), "normalfireth" (skill id 16958), "normalfiremo" (skill id 16959), "pointfirerh" (skill id 16960), "pointfirelh" (skill id 16961), "areaatkrh" (skill id 16962), "areaatklh" (skill id 16973), "normalfirehd" (skill id 16974), "areafireod" (skill id 16975), "phburst1" (skill id 17996), "movingatk" (skill id 18229), "sanctuaryfire" (skill id 18532), "poweratk2" (skill id 18661), "areaatk2" (skill id 18663), "normalfire3" (skill id 19177), "normalfire4" (skill id 19178), "sanctin" (skill id 19186), "sanctout" (skill id 19187), "normalfire5" (skill id 19200), "sanctuary" (skill id 19356), "talk" (skill id 19357), "poweratk1" (skill id 19499), "areafire1" (skill id 19501), "normalfire1" (skill id 19524), "backatk" (skill id 19563), "say" (skill id 19693), "transform" (skill id 19694), "summon1" (skill id 19720), "rangeatk" (skill id 20459), "poweratk3" (skill id 20492), "teleport" (skill id 20582), "earthquake" (skill id 20717), "spinatk" (skill id 20747), "open" (skill id 20766), "shapechange" (skill id 20919), "breathl" (skill id 20922), "breathm" (skill id 20924), "breathr" (skill id 20926), "deadlyatk" (skill id 20929), "breathl4s" (skill id 21149), "breathl8s" (skill id 21151), "breathm4s" (skill id 21153), "breathm8s" (skill id 21155), "breathr4s" (skill id 21157), "breathr8s" (skill id 21159), "openariel" (skill id 21170), "biteatk" (skill id 21543), "closeariel" (skill id 21556), "chainatk" (skill id 21565), "areafire3" (skill id 21574), "cidle" (skill id 21658), "herb" (skill id 30001), "axe" (skill id 30002), "mine" (skill id 30003)
18:46:30 [34mINFO [0;39m [1;30m[main][0;39m - ##### [Static Data loaded in 8.7 seconds] #####
18:46:30 [34mINFO [0;39m [1;30m[ForkJoinPool.commonPool-worker-5][0;39m - Initialized compiled class cache with 1728 classes
18:46:31 [34mINFO [0;39m [1;30m[ForkJoinPool.commonPool-worker-5][0;39m - Loaded 5 zone handlers.
18:46:31 [34mINFO [0;39m [1;30m[ForkJoinPool.commonPool-worker-3][0;39m - Loaded 73 instance handlers.
18:46:32 [34mINFO [0;39m [1;30m[main][0;39m - Loaded 151 commands.
18:46:32 [34mINFO [0;39m [1;30m[ForkJoinPool.commonPool-worker-4][0;39m - Loaded terrains for 89 maps
18:46:32 [34mINFO [0;39m [1;30m[ForkJoinPool.commonPool-worker-4][0;39m - Loaded 20028 meshes
18:46:33 [34mINFO [0;39m [1;30m[ForkJoinPool.commonPool-worker-4][0;39m - Loaded 420626 entities on 151 maps
18:46:33 [34mINFO [0;39m [1;30m[ForkJoinPool.commonPool-worker-2][0;39m - Loaded 5219 quest handlers.
18:46:33 [34mINFO [0;39m [1;30m[pool-2-thread-2][0;39m - Analyzing quest handlers (ignoreEventQuests=true)...
18:46:34 [34mINFO [0;39m [1;30m[ForkJoinPool.commonPool-worker-1][0;39m - Loaded 457 AI handlers.
18:46:35 [34mINFO [0;39m [1;30m[main][0;39m - World: 161 world maps created.
18:46:35 [34mINFO [0;39m [1;30m[main][0;39m - Initialized GameTime
18:46:35 [34mINFO [0;39m [1;30m[main][0;39m - Initializing bases...
18:46:35 [34mINFO [0;39m [1;30m[main][0;39m - Initializing sieges...
18:46:35 [34mINFO [0;39m [1;30m[main][0;39m - Loaded 0 houses and 0 studios
18:46:35 [34mINFO [0;39m [1;30m[main][0;39m - Loaded bids for 0 houses
18:46:35 [34mINFO [0;39m [1;30m[pool-2-thread-3][0;39m - Scheduled AuctionEndTask with cron expression: 0 0 12 ? * SUN
18:46:35 [34mINFO [0;39m [1;30m[pool-2-thread-4][0;39m - Scheduled AuctionAutoFillTask with cron expression: 0 0 0 ? * MON
18:46:35 [34mINFO [0;39m [1;30m[pool-2-thread-3][0;39m - Scheduled MaintenanceTask with cron expression: 0 0 0 ? * MON
18:46:35 [34mINFO [0;39m [1;30m[main][0;39m - ChallengeTaskService initialized.
18:46:35 [34mINFO [0;39m [1;30m[ForkJoinPool.commonPool-worker-6][0;39m - Spawned 4 static doors in WorldMapInstance 400030000 [1]
18:46:35 [34mINFO [0;39m [1;30m[ForkJoinPool.commonPool-worker-3][0;39m - Spawned 1 objects in WorldMapInstance 900220000 [1]
18:46:35 [34mINFO [0;39m [1;30m[main][0;39m - Spawned 15 objects in WorldMapInstance 900110000 [1]
18:46:35 [34mINFO [0;39m [1;30m[ForkJoinPool.commonPool-worker-8][0;39m - Spawned 160 objects in WorldMapInstance 900020000 [1]
18:46:35 [34mINFO [0;39m [1;30m[ForkJoinPool.commonPool-worker-8][0;39m - Spawned 70 objects in WorldMapInstance 120080000 [1]
18:46:35 [34mINFO [0;39m [1;30m[ForkJoinPool.commonPool-worker-8][0;39m - Spawned 18 objects in WorldMapInstance 130090000 [1]
18:46:35 [34mINFO [0;39m [1;30m[ForkJoinPool.commonPool-worker-8][0;39m - Spawned 18 objects in WorldMapInstance 140010000 [1]
18:46:35 [34mINFO [0;39m [1;30m[ForkJoinPool.commonPool-worker-6][0;39m - Spawned 776 objects in WorldMapInstance 400040000 [1]
18:46:35 [34mINFO [0;39m [1;30m[ForkJoinPool.commonPool-worker-6][0;39m - MovementNotifyTask initialized.
18:46:35 [34mINFO [0;39m [1;30m[ForkJoinPool.commonPool-worker-5][0;39m - Spawned 1412 objects in WorldMapInstance 600090000 [1]
18:46:35 [34mINFO [0;39m [1;30m[ForkJoinPool.commonPool-worker-6][0;39m - MoveTaskManager initialized.
18:46:35 [34mINFO [0;39m [1;30m[ForkJoinPool.commonPool-worker-8][0;39m - Spawned 1132 objects in WorldMapInstance 210010000 [1]
18:46:35 [34mINFO [0;39m [1;30m[ForkJoinPool.commonPool-worker-6][0;39m - Spawned 776 objects in WorldMapInstance 400050000 [1]
18:46:35 [34mINFO [0;39m [1;30m[ForkJoinPool.commonPool-worker-6][0;39m - Spawned 1 objects in WorldMapInstance 210080000 [1]
18:46:35 [34mINFO [0;39m [1;30m[ForkJoinPool.commonPool-worker-1][0;39m - Spawned 762 objects in WorldMapInstance 220100000 [1]
18:46:35 [34mINFO [0;39m [1;30m[ForkJoinPool.commonPool-worker-3][0;39m - Spawned 386 objects in WorldMapInstance 600010000 [1]
18:46:35 [34mINFO [0;39m [1;30m[ForkJoinPool.commonPool-worker-5][0;39m - Spawned 1999 objects in WorldMapInstance 600100000 [1]
18:46:35 [34mINFO [0;39m [1;30m[ForkJoinPool.commonPool-worker-5][0;39m - Spawned 70 objects in WorldMapInstance 110070000 [1]
18:46:35 [34mINFO [0;39m [1;30m[ForkJoinPool.commonPool-worker-3][0;39m - Spawned 26 objects in WorldMapInstance 600080000 [1]
18:46:35 [34mINFO [0;39m [1;30m[ForkJoinPool.commonPool-worker-6][0;39m - Spawned 762 objects in WorldMapInstance 210090000 [1]
18:46:35 [34mINFO [0;39m [1;30m[ForkJoinPool.commonPool-worker-5][0;39m - Spawned 399 objects in WorldMapInstance 120010000 [1]
18:46:35 [34mINFO [0;39m [1;30m[ForkJoinPool.commonPool-worker-5][0;39m - Spawned 35 objects in WorldMapInstance 120020000 [1]
18:46:35 [34mINFO [0;39m [1;30m[main][0;39m - Spawned 775 objects in WorldMapInstance 400060000 [1]
18:46:35 [34mINFO [0;39m [1;30m[ForkJoinPool.commonPool-worker-3][0;39m - Spawned 361 objects in WorldMapInstance 110010000 [1]
18:46:35 [34mINFO [0;39m [1;30m[ForkJoinPool.commonPool-worker-3][0;39m - Spawned 35 objects in WorldMapInstance 110020000 [1]
18:46:35 [34mINFO [0;39m [1;30m[ForkJoinPool.commonPool-worker-9][0;39m - Spawned 1469 objects in WorldMapInstance 220010000 [1]
18:46:35 [34mINFO [0;39m [1;30m[ForkJoinPool.commonPool-worker-10][0;39m - Spawned 1791 objects in WorldMapInstance 700010000 [1]
18:46:35 [34mINFO [0;39m [1;30m[ForkJoinPool.commonPool-worker-8][0;39m - Spawned 6199 objects in WorldMapInstance 210020000 [1]
18:46:35 [34mINFO [0;39m [1;30m[ForkJoinPool.commonPool-worker-1][0;39m - Spawned 2814 objects in WorldMapInstance 210030000 [1]
18:46:35 [34mINFO [0;39m [1;30m[ForkJoinPool.commonPool-worker-4][0;39m - Spawned 4439 objects in WorldMapInstance 400010000 [1]
18:46:35 [34mINFO [0;39m [1;30m[ForkJoinPool.commonPool-worker-4][0;39m - Spawned 623 objects in WorldMapInstance 400020000 [1]
18:46:35 [34mINFO [0;39m [1;30m[ForkJoinPool.commonPool-worker-11][0;39m - Spawned 8425 objects in WorldMapInstance 220040000 [1]
18:46:35 [34mINFO [0;39m [1;30m[ForkJoinPool.commonPool-worker-7][0;39m - Spawned 7808 objects in WorldMapInstance 210050000 [1]
18:46:35 [34mINFO [0;39m [1;30m[ForkJoinPool.commonPool-worker-11][0;39m - Spawned 9 houses in WorldMapInstance 220040000 [1]
18:46:35 [34mINFO [0;39m [1;30m[ForkJoinPool.commonPool-worker-7][0;39m - Spawned 6 houses in WorldMapInstance 210050000 [1]
18:46:35 [34mINFO [0;39m [1;30m[ForkJoinPool.commonPool-worker-2][0;39m - Spawned 7438 objects in WorldMapInstance 220070000 [1]
18:46:35 [34mINFO [0;39m [1;30m[ForkJoinPool.commonPool-worker-2][0;39m - Spawned 6 houses in WorldMapInstance 220070000 [1]
18:46:36 [34mINFO [0;39m [1;30m[ForkJoinPool.commonPool-worker-7][0;39m - Spawned 7905 objects in WorldMapInstance 210060000 [1]
18:46:36 [34mINFO [0;39m [1;30m[ForkJoinPool.commonPool-worker-9][0;39m - Spawned 7619 objects in WorldMapInstance 220020000 [1]
18:46:36 [34mINFO [0;39m [1;30m[ForkJoinPool.commonPool-worker-1][0;39m - Spawned 7893 objects in WorldMapInstance 210040000 [1]
18:46:36 [34mINFO [0;39m [1;30m[ForkJoinPool.commonPool-worker-11][0;39m - Spawned 8664 objects in WorldMapInstance 220050000 [1]
18:46:36 [34mINFO [0;39m [1;30m[ForkJoinPool.commonPool-worker-1][0;39m - Spawned 9 houses in WorldMapInstance 210040000 [1]
18:46:36 [34mINFO [0;39m [1;30m[ForkJoinPool.commonPool-worker-2][0;39m - Spawned 6296 objects in WorldMapInstance 220080000 [1]
18:46:36 [34mINFO [0;39m [1;30m[ForkJoinPool.commonPool-worker-2][0;39m - Spawned 1 objects in WorldMapInstance 220090000 [1]
18:46:36 [31mWARN [0;39m [1;30m[pool-2-thread-2][0;39m - Quest handler analysis finished in 2762 ms. Found 77 missing quest npc spawns:
	Npc 204652 (quests: 2696, 4500)
	Npc 205842 (quests: 19618, 30604)
	Npc 205864 (quests: 29618, 30614)
	Npc 205886 (quests: 19617, 29617)
	Npc 205947 (quests: 30511)
	Npc 205973 (quests: 30513, 30563)
	Npc 206395/206396/206397 (quests: 28737, 28738, 28742, 28743)
	Npc 209474 (quests: 49002)
	Npc 209477/209478 (quests: 39002)
	Npc 216608 (quests: 36504)
	Npc 216609 (quests: 36505)
	Npc 216610 (quests: 36506)
	Npc 216614 (quests: 36510)
	Npc 216615 (quests: 36511)
	Npc 216616 (quests: 36512)
	Npc 216620 (quests: 36516)
	Npc 216624 (quests: 46500)
	Npc 216628 (quests: 46505)
	Npc 216629 (quests: 46511)
	Npc 216640 (quests: 46504)
	Npc 216641 (quests: 46510)
	Npc 216642 (quests: 46516)
	Npc 216643 (quests: 46517)
	Npc 216942 (quests: 30256, 30257, 30258, 30356, 30357, 30358)
	Npc 217599 (quests: 18204, 28204)
	Npc 217609/277068 (quests: 18205, 28205)
	Npc 219240/219241/219242/219243/219244 (quests: 30601, 30611)
	Npc 219255/219256/219257/219258/219259/219260/219261/219262/219267/219268/219271/219286 (quests: 30603, 30613)
	Npc 219555/219563 (quests: 30279, 30379)
	Npc 230744/230745/230749 (quests: 18033, 28033)
	Npc 231305 (quests: 17009, 27009)
	Npc 233544 (quests: 16961, 26961)
	Npc 233565/233566/233567/233568/233569 (quests: 16962, 26962)
	Npc 234190 (quests: 18941, 28941)
	Npc 236231/236234 (quests: 18952, 28952)
	Npc 256197 (quests: 1791)
	Npc 278119 (quests: 2861, 2865)
	Npc 278120 (quests: 2787)
	Npc 278121 (quests: 2786)
	Npc 278123 (quests: 2860)
	Npc 700434/700436 (quests: 4094)
	Npc 700539/700541/700542/700543/700544 (quests: 3907, 4911)
	Npc 700621/700622/700623 (quests: 11211)
	Npc 700624/700625/700626 (quests: 11216)
	Npc 700863 (quests: 30262, 30362)
	Npc 700930 (quests: 21248)
	Npc 701587 (quests: 30281, 30381)
	Npc 701795 (quests: 16921, 26921)
	Npc 702757 (quests: 46530)
	Npc 702769 (quests: 18953, 28953)
	Npc 798301 (quests: 9548, 9549)
	Npc 799531 (quests: 19615, 29615)
	Npc 800066 (quests: 19619)
	Npc 800070 (quests: 29619)
	Npc 800165 (quests: 30061, 30276, 39000)
	Npc 800170 (quests: 30161, 30376, 49000)
	Npc 800958 (quests: 13800)
	Npc 800980 (quests: 23800)
	Npc 801032/801033 (quests: 1230, 1231)
	Npc 801189 (quests: 16904)
	Npc 801193 (quests: 26904)
	Npc 801541 (quests: 16930)
	Npc 801543 (quests: 16990)
	Npc 801545 (quests: 26930)
	Npc 801547 (quests: 26990)
	Npc 802026 (quests: 26979)
	Npc 802048 (quests: 16990, 16991, 16992)
	Npc 802049 (quests: 26990, 26991, 26992)
	Npc 802383 (quests: 18940, 18941)
	Npc 802384 (quests: 28940, 28941)
	Npc 802610 (quests: 13714)
	Npc 804613 (quests: 19626, 19627)
	Npc 804614 (quests: 29626, 29627)
	Npc 810017/810018/810019/810020/810021 (quests: 18827, 18829, 18831)
	Npc 810022/810023/810024/810025/810026 (quests: 28827, 28829, 28831)
	Npc 831924 (quests: 9562, 9563)
	Npc 831926 (quests: 9564, 9565)
18:46:36 [34mINFO [0;39m [1;30m[ForkJoinPool.commonPool-worker-9][0;39m - Spawned 3133 objects in WorldMapInstance 220030000 [1]
18:46:36 [34mINFO [0;39m [1;30m[ForkJoinPool.commonPool-worker-2][0;39m - ZoneUpdateService initialized.
18:46:36 [34mINFO [0;39m [1;30m[ForkJoinPool.commonPool-worker-7][0;39m - Spawned 5119 objects in WorldMapInstance 210070000 [1]
18:46:36 [34mINFO [0;39m [1;30m[ForkJoinPool.commonPool-worker-10][0;39m - Spawned 500 houses in WorldMapInstance 700010000 [1]
18:46:36 [34mINFO [0;39m [1;30m[ForkJoinPool.commonPool-worker-10][0;39m - Spawned 1564 objects in WorldMapInstance 710010000 [1]
18:46:36 [34mINFO [0;39m [1;30m[ForkJoinPool.commonPool-worker-10][0;39m - Spawned 500 houses in WorldMapInstance 710010000 [1]
18:46:36 [34mINFO [0;39m [1;30m[main][0;39m - Loaded 84011 npc spawns
18:46:36 [34mINFO [0;39m [1;30m[main][0;39m - Loaded 18432 gatherable spawns
18:46:36 [34mINFO [0;39m [1;30m[main][0;39m - Loaded 25 elyos towns.
18:46:36 [34mINFO [0;39m [1;30m[main][0;39m - Loaded 25 asmodian towns.
18:46:37 [34mINFO [0;39m [1;30m[main][0;39m - Scheduled Limited Items based on cron expression size: 326
18:46:37 [34mINFO [0;39m [1;30m[main][0;39m - Loaded 0 announcements
18:46:37 [34mINFO [0;39m [1;30m[main][0;39m - DebugService started. Analyze interval: 1800000
18:46:37 [34mINFO [0;39m [1;30m[main][0;39m - Loading broker...
18:46:37 [34mINFO [0;39m [1;30m[main][0;39m - Broker loaded with 91 broker items, 0 settled items.
18:46:37 [34mINFO [0;39m [1;30m[main][0;39m - BrokerPeriodicTaskManager initialized.
18:46:37 [34mINFO [0;39m [1;30m[main][0;39m - [AuctionHouseSimulator] Initializing Solo Auction House market...
18:46:37 [34mINFO [0;39m [1;30m[main][0;39m - Cache[HTML]: Caching started... OK.
18:46:37 [34mINFO [0;39m [1;30m[main][0;39m - Cache[HTML]: Using cache file... OK.
18:46:37 [34mINFO [0;39m [1;30m[main][0;39m - Cache[HTML]: 3.389 kilobytes on 6 file(s) loaded.
18:46:37 [34mINFO [0;39m [1;30m[main][0;39m - Cache[HTML]: Compaction skipped!
18:46:37 [34mINFO [0;39m [1;30m[main][0;39m - Scheduling ranking update task based on cron expression: 0 0 0 ? * *
18:46:37 [34mINFO [0;39m [1;30m[main][0;39m - Scheduling daily GP loss task based on cron expression: 0 0 12 ? * *
18:46:37 [34mINFO [0;39m [1;30m[main][0;39m - Scheduled registration opening for BARANATH_DREDGION based on cron expression: 0 0 0,12,20 ? * *
18:46:37 [34mINFO [0;39m [1;30m[main][0;39m - Scheduled BARANATH_DREDGION: based on cron expression: 0 0 0,12,20 ? * * Duration: 60 in minutes
18:46:37 [34mINFO [0;39m [1;30m[main][0;39m - Scheduled registration opening for CHANTRA_DREDGION based on cron expression: 0 0 0,12,20 ? * *
18:46:37 [34mINFO [0;39m [1;30m[main][0;39m - Scheduled CHANTRA_DREDGION: based on cron expression: 0 0 0,12,20 ? * * Duration: 60 in minutes
18:46:37 [34mINFO [0;39m [1;30m[main][0;39m - Scheduled registration opening for TERATH_DREDGION based on cron expression: 0 0 0,12,20 ? * *
18:46:37 [34mINFO [0;39m [1;30m[main][0;39m - Scheduled TERATH_DREDGION: based on cron expression: 0 0 0,12,20 ? * * Duration: 60 in minutes
18:46:37 [34mINFO [0;39m [1;30m[main][0;39m - Scheduled registration opening for KAMAR_BATTLEFIELD based on cron expression: 0 0 0,20 ? * MON,WED,SAT
18:46:37 [34mINFO [0;39m [1;30m[main][0;39m - Scheduled KAMAR_BATTLEFIELD: based on cron expression: 0 0 0,20 ? * MON,WED,SAT Duration: 60 in minutes
18:46:37 [34mINFO [0;39m [1;30m[main][0;39m - Scheduled registration opening for ENGULFED_OPHIDIAN_BRIDGE based on cron expression: 0 0 12,19 ? * *
18:46:37 [34mINFO [0;39m [1;30m[main][0;39m - Scheduled ENGULFED_OPHIDIAN_BRIDGE: based on cron expression: 0 0 12,19 ? * * Duration: 60 in minutes
18:46:37 [34mINFO [0;39m [1;30m[main][0;39m - Scheduled registration opening for IRON_WALL_WARFRONT based on cron expression: 0 0 0,12 ? * SUN
18:46:37 [34mINFO [0;39m [1;30m[main][0;39m - Scheduled IRON_WALL_WARFRONT: based on cron expression: 0 0 0,12 ? * SUN Duration: 60 in minutes
18:46:37 [34mINFO [0;39m [1;30m[main][0;39m - Scheduled registration opening for IDGEL_DOME based on cron expression: 0 0 23 ? * *
18:46:37 [34mINFO [0;39m [1;30m[main][0;39m - Scheduled IDGEL_DOME: based on cron expression: 0 0 23 ? * * Duration: 60 in minutes
18:46:37 [34mINFO [0;39m [1;30m[main][0;39m - Started event: Beyond Aion Server Buffs
18:46:37 [34mINFO [0;39m [1;30m[main][0;39m - AdminService loaded 2 operational items.
18:46:37 [34mINFO [0;39m [1;30m[main][0;39m - PlayerTransferService loaded. With 0 restricted skills.
18:46:37 [34mINFO [0;39m [1;30m[main][0;39m - GameTime started. Update interval: 180s
18:46:37 [34mINFO [0;39m [1;30m[main][0;39m - Spawned 4 static doors in WorldMapInstance 301220000 [2]
18:46:37 [34mINFO [0;39m [1;30m[main][0;39m - Created new instance: 301220000 [2] owner:0 difficultyId:0
18:46:37 [34mINFO [0;39m [1;30m[main][0;39m - Private marketplace listening at http://127.0.0.1:8091/shop (1084 offers)
18:46:37 [34mINFO [0;39m [1;30m[main][0;39m -     commons-4.8-SNAPSHOT.jar revision 4617c9f (4.8) built on 2026-09-27 09:28 for Java 25
18:46:37 [34mINFO [0;39m [1;30m[main][0;39m - game-server-4.8-SNAPSHOT.jar revision 4617c9f-DIRTY (4.8) built on 2026-09-27 18:42 for Java 25
18:46:37 [34mINFO [0;39m [1;30m[main][0;39m - OS:  Windows 11 (amd64) version 10.0
18:46:37 [34mINFO [0;39m [1;30m[main][0;39m - JVM: OpenJDK 64-Bit Server VM version 25.0.1+8-LTS (2025-10-21)
18:46:37 [34mINFO [0;39m [1;30m[main][0;39m - JVM available CPUs:     12
18:46:37 [34mINFO [0;39m [1;30m[main][0;39m - Max. memory allowed: 2,560 MiB
18:46:37 [34mINFO [0;39m [1;30m[main][0;39m - Ã Allocated memory:  1,288 MiB  (50 %)
18:46:37 [34mINFO [0;39m [1;30m[main][0;39m - À Used memory:         766 MiB  (30 %)
18:46:37 [34mINFO [0;39m [1;30m[main][0;39m - Listening on all addresses on port 7777 for Aion game clients
18:46:37 [34mINFO [0;39m [1;30m[main][0;39m - Game server started in 18 seconds.
18:46:37 [34mINFO [0;39m [1;30m[main][0;39m - Connected to login server
18:46:37 [34mINFO [0;39m [1;30m[main][0;39m - Connected to chat server
18:46:37 [34mINFO [0;39m [1;30m[ReadWrite-0 Dispatcher][0;39m - Loaded 0 banned mac addresses
18:46:37 [34mINFO [0;39m [1;30m[InstantPool-5][0;39m - Loaded 0 HDD ban entries.
